Component: ARM Compiler 6.12 Tool: armlink [5d624300]

==============================================================================

Section Cross References

    startup_stm32wb55xx_cm4.o(RESET) refers to startup_stm32wb55xx_cm4.o(STACK) for __initial_sp
    startup_stm32wb55xx_cm4.o(RESET) refers to startup_stm32wb55xx_cm4.o(.text) for Reset_Handler
    startup_stm32wb55xx_cm4.o(RESET) refers to stm32wbxx_it.o(.text.NMI_Handler) for NMI_Handler
    startup_stm32wb55xx_cm4.o(RESET) refers to stm32wbxx_it.o(.text.HardFault_Handler) for HardFault_Handler
    startup_stm32wb55xx_cm4.o(RESET) refers to stm32wbxx_it.o(.text.MemManage_Handler) for MemManage_Handler
    startup_stm32wb55xx_cm4.o(RESET) refers to stm32wbxx_it.o(.text.BusFault_Handler) for BusFault_Handler
    startup_stm32wb55xx_cm4.o(RESET) refers to stm32wbxx_it.o(.text.UsageFault_Handler) for UsageFault_Handler
    startup_stm32wb55xx_cm4.o(RESET) refers to stm32wbxx_it.o(.text.SVC_Handler) for SVC_Handler
    startup_stm32wb55xx_cm4.o(RESET) refers to stm32wbxx_it.o(.text.DebugMon_Handler) for DebugMon_Handler
    startup_stm32wb55xx_cm4.o(RESET) refers to stm32wbxx_it.o(.text.PendSV_Handler) for PendSV_Handler
    startup_stm32wb55xx_cm4.o(RESET) refers to stm32wbxx_it.o(.text.SysTick_Handler) for SysTick_Handler
    startup_stm32wb55xx_cm4.o(RESET) refers to main.o(.text.RTC_WKUP_IRQHandler) for RTC_WKUP_IRQHandler
    startup_stm32wb55xx_cm4.o(.text) refers to system_stm32wbxx.o(.text.SystemInit) for SystemInit
    startup_stm32wb55xx_cm4.o(.text) refers to entry.o(.ARM.Collect$$$$00000000) for __main
    main.o(.text.main) refers to stm32wbxx_hal.o(.text.HAL_Init) for HAL_Init
    main.o(.text.main) refers to main.o(.text.SystemClock_Config) for SystemClock_Config
    main.o(.text.main) refers to main.o(.text.PeriphCommonClock_Config) for PeriphCommonClock_Config
    main.o(.text.main) refers to gpio.o(.text.MX_GPIO_Init) for MX_GPIO_Init
    main.o(.text.main) refers to rtc.o(.text.MX_RTC_Init) for MX_RTC_Init
    main.o(.text.main) refers to iic3.o(.text.IIC3_Init) for IIC3_Init
    main.o(.text.main) refers to stm32wbxx_hal_cortex.o(.text.HAL_NVIC_SetPriority) for HAL_NVIC_SetPriority
    main.o(.text.main) refers to stm32wbxx_hal_cortex.o(.text.HAL_NVIC_EnableIRQ) for HAL_NVIC_EnableIRQ
    main.o(.text.main) refers to main.o(.rodata.str1.1) for .L.str
    main.o(.text.main) refers to iic3.o(.text.IIC3_Transmit) for IIC3_Transmit
    main.o(.text.main) refers to main.o(.text.EnterStop2_ForSeconds) for EnterStop2_ForSeconds
    main.o(.ARM.exidx.text.main) refers to main.o(.text.main) for [Anonymous Symbol]
    main.o(.text.SystemClock_Config) refers to memseta.o(.text) for __aeabi_memclr4
    main.o(.text.SystemClock_Config) refers to stm32wbxx_hal_pwr.o(.text.HAL_PWR_EnableBkUpAccess) for HAL_PWR_EnableBkUpAccess
    main.o(.text.SystemClock_Config) refers to main.o(.text.LL_RCC_LSE_SetDriveCapability) for LL_RCC_LSE_SetDriveCapability
    main.o(.text.SystemClock_Config) refers to stm32wbxx_hal_rcc.o(.text.HAL_RCC_OscConfig) for HAL_RCC_OscConfig
    main.o(.text.SystemClock_Config) refers to main.o(.text.Error_Handler) for Error_Handler
    main.o(.text.SystemClock_Config) refers to stm32wbxx_hal_rcc.o(.text.HAL_RCC_ClockConfig) for HAL_RCC_ClockConfig
    main.o(.ARM.exidx.text.SystemClock_Config) refers to main.o(.text.SystemClock_Config) for [Anonymous Symbol]
    main.o(.text.PeriphCommonClock_Config) refers to memseta.o(.text) for __aeabi_memclr4
    main.o(.text.PeriphCommonClock_Config) refers to stm32wbxx_hal_rcc_ex.o(.text.HAL_RCCEx_PeriphCLKConfig) for HAL_RCCEx_PeriphCLKConfig
    main.o(.text.PeriphCommonClock_Config) refers to main.o(.text.Error_Handler) for Error_Handler
    main.o(.ARM.exidx.text.PeriphCommonClock_Config) refers to main.o(.text.PeriphCommonClock_Config) for [Anonymous Symbol]
    main.o(.text.EnterStop2_ForSeconds) refers to stm32wbxx_hal.o(.text.HAL_SuspendTick) for HAL_SuspendTick
    main.o(.text.EnterStop2_ForSeconds) refers to rtc.o(.bss.hrtc) for hrtc
    main.o(.text.EnterStop2_ForSeconds) refers to stm32wbxx_hal_rtc_ex.o(.text.HAL_RTCEx_DeactivateWakeUpTimer) for HAL_RTCEx_DeactivateWakeUpTimer
    main.o(.text.EnterStop2_ForSeconds) refers to stm32wbxx_hal_rtc_ex.o(.text.HAL_RTCEx_SetWakeUpTimer_IT) for HAL_RTCEx_SetWakeUpTimer_IT
    main.o(.text.EnterStop2_ForSeconds) refers to stm32wbxx_hal.o(.text.HAL_ResumeTick) for HAL_ResumeTick
    main.o(.text.EnterStop2_ForSeconds) refers to main.o(.bss.g_rtc_wakeup_flag) for g_rtc_wakeup_flag
    main.o(.text.EnterStop2_ForSeconds) refers to stm32wbxx_hal_pwr_ex.o(.text.HAL_PWREx_EnterSTOP2Mode) for HAL_PWREx_EnterSTOP2Mode
    main.o(.text.EnterStop2_ForSeconds) refers to main.o(.text.SystemClock_Config) for SystemClock_Config
    main.o(.ARM.exidx.text.EnterStop2_ForSeconds) refers to main.o(.text.EnterStop2_ForSeconds) for [Anonymous Symbol]
[...]
    Removing stm32wbxx_hal.o(.ARM.exidx.text.HAL_SYSCFG_IsEnabledSecurityAccess), (8 bytes).
    Removing stm32wbxx_hal.o(.text.LL_SYSCFG_IsEnabledSecurityAccess), (34 bytes).
    Removing stm32wbxx_hal.o(.ARM.exidx.text.LL_SYSCFG_IsEnabledSecurityAccess), (8 bytes).
    Removing stm32wbxx_hal_exti.o(.text), (0 bytes).
    Removing stm32wbxx_hal_exti.o(.text.HAL_EXTI_SetConfigLine), (440 bytes).
    Removing stm32wbxx_hal_exti.o(.ARM.exidx.text.HAL_EXTI_SetConfigLine), (8 bytes).
    Removing stm32wbxx_hal_exti.o(.text.HAL_EXTI_GetConfigLine), (346 bytes).
    Removing stm32wbxx_hal_exti.o(.ARM.exidx.text.HAL_EXTI_GetConfigLine), (8 bytes).
    Removing stm32wbxx_hal_exti.o(.text.HAL_EXTI_ClearConfigLine), (278 bytes).
    Removing stm32wbxx_hal_exti.o(.ARM.exidx.text.HAL_EXTI_ClearConfigLine), (8 bytes).
    Removing stm32wbxx_hal_exti.o(.text.HAL_EXTI_RegisterCallback), (68 bytes).
    Removing stm32wbxx_hal_exti.o(.ARM.exidx.text.HAL_EXTI_RegisterCallback), (8 bytes).
    Removing stm32wbxx_hal_exti.o(.text.HAL_EXTI_GetHandle), (52 bytes).
    Removing stm32wbxx_hal_exti.o(.ARM.exidx.text.HAL_EXTI_GetHandle), (8 bytes).
    Removing stm32wbxx_hal_exti.o(.text.HAL_EXTI_IRQHandler), (100 bytes).
    Removing stm32wbxx_hal_exti.o(.ARM.exidx.text.HAL_EXTI_IRQHandler), (8 bytes).
    Removing stm32wbxx_hal_exti.o(.text.HAL_EXTI_GetPending), (80 bytes).
    Removing stm32wbxx_hal_exti.o(.ARM.exidx.text.HAL_EXTI_GetPending), (8 bytes).
    Removing stm32wbxx_hal_exti.o(.text.HAL_EXTI_ClearPending), (66 bytes).
    Removing stm32wbxx_hal_exti.o(.ARM.exidx.text.HAL_EXTI_ClearPending), (8 bytes).
    Removing stm32wbxx_hal_exti.o(.text.HAL_EXTI_GenerateSWI), (60 bytes).
    Removing stm32wbxx_hal_exti.o(.ARM.exidx.text.HAL_EXTI_GenerateSWI), (8 bytes).
    Removing stm32wbxx_hal_rtc.o(.text), (0 bytes).
    Removing stm32wbxx_hal_rtc.o(.ARM.exidx.text.HAL_RTC_Init), (8 bytes).
    Removing stm32wbxx_hal_rtc.o(.text.HAL_RTC_MspInit), (12 bytes).
    Removing stm32wbxx_hal_rtc.o(.ARM.exidx.text.HAL_RTC_MspInit), (8 bytes).
    Removing stm32wbxx_hal_rtc.o(.ARM.exidx.text.RTC_EnterInitMode), (8 bytes).
    Removing stm32wbxx_hal_rtc.o(.ARM.exidx.text.RTC_ExitInitMode), (8 bytes).
    Removing stm32wbxx_hal_rtc.o(.text.HAL_RTC_DeInit), (226 bytes).
    Removing stm32wbxx_hal_rtc.o(.ARM.exidx.text.HAL_RTC_DeInit), (8 bytes).
    Removing stm32wbxx_hal_rtc.o(.text.HAL_RTC_MspDeInit), (12 bytes).
    Removing stm32wbxx_hal_rtc.o(.ARM.exidx.text.HAL_RTC_MspDeInit), (8 bytes).
    Removing stm32wbxx_hal_rtc.o(.text.HAL_RTC_SetTime), (388 bytes).
    Removing stm32wbxx_hal_rtc.o(.ARM.exidx.text.HAL_RTC_SetTime), (8 bytes).
    Removing stm32wbxx_hal_rtc.o(.text.RTC_ByteToBcd2), (62 bytes).
    Removing stm32wbxx_hal_rtc.o(.ARM.exidx.text.RTC_ByteToBcd2), (8 bytes).
    Removing stm32wbxx_hal_rtc.o(.text.HAL_RTC_GetTime), (176 bytes).
    Removing stm32wbxx_hal_rtc.o(.ARM.exidx.text.HAL_RTC_GetTime), (8 bytes).
    Removing stm32wbxx_hal_rtc.o(.text.RTC_Bcd2ToByte), (46 bytes).
    Removing stm32wbxx_hal_rtc.o(.ARM.exidx.text.RTC_Bcd2ToByte), (8 bytes).
    Removing stm32wbxx_hal_rtc.o(.text.HAL_RTC_SetDate), (344 bytes).
    Removing stm32wbxx_hal_rtc.o(.ARM.exidx.text.HAL_RTC_SetDate), (8 bytes).
    Removing stm32wbxx_hal_rtc.o(.text.HAL_RTC_GetDate), (150 bytes).
    Removing stm32wbxx_hal_rtc.o(.ARM.exidx.text.HAL_RTC_GetDate), (8 bytes).
    Removing stm32wbxx_hal_rtc.o(.text.HAL_RTC_SetAlarm), (720 bytes).
    Removing stm32wbxx_hal_rtc.o(.ARM.exidx.text.HAL_RTC_SetAlarm), (8 bytes).
    Removing stm32wbxx_hal_rtc.o(.text.HAL_RTC_SetAlarm_IT), (798 bytes).
    Removing stm32wbxx_hal_rtc.o(.ARM.exidx.text.HAL_RTC_SetAlarm_IT), (8 bytes).
    Removing stm32wbxx_hal_rtc.o(.text.HAL_RTC_DeactivateAlarm), (366 bytes).
    Removing stm32wbxx_hal_rtc.o(.ARM.exidx.text.HAL_RTC_DeactivateAlarm), (8 bytes).
    Removing stm32wbxx_hal_rtc.o(.text.HAL_RTC_GetAlarm), (268 bytes).
    Removing stm32wbxx_hal_rtc.o(.ARM.exidx.text.HAL_RTC_GetAlarm), (8 bytes).
    Removing stm32wbxx_hal_rtc.o(.text.HAL_RTC_AlarmIRQHandler), (176 bytes).
    Removing stm32wbxx_hal_rtc.o(.ARM.exidx.text.HAL_RTC_AlarmIRQHandler), (8 bytes).
    Removing stm32wbxx_hal_rtc.o(.text.HAL_RTC_AlarmAEventCallback), (12 bytes).
    Removing stm32wbxx_hal_rtc.o(.ARM.exidx.text.HAL_RTC_AlarmAEventCallback), (8 bytes).
    Removing stm32wbxx_hal_rtc.o(.text.HAL_RTC_PollForAlarmAEvent), (150 bytes).
    Removing stm32wbxx_hal_rtc.o(.ARM.exidx.text.HAL_RTC_PollForAlarmAEvent), (8 bytes).
    Removing stm32wbxx_hal_rtc.o(.ARM.exidx.text.HAL_RTC_WaitForSynchro), (8 bytes).
    Removing stm32wbxx_hal_rtc.o(.text.HAL_RTC_DST_Add1Hour), (56 bytes).
    Removing stm32wbxx_hal_rtc.o(.ARM.exidx.text.HAL_RTC_DST_Add1Hour), (8 bytes).
    Removing stm32wbxx_hal_rtc.o(.text.HAL_RTC_DST_Sub1Hour), (56 bytes).
    Removing stm32wbxx_hal_rtc.o(.ARM.exidx.text.HAL_RTC_DST_Sub1Hour), (8 bytes).
    Removing stm32wbxx_hal_rtc.o(.text.HAL_RTC_DST_SetStoreOperation), (56 bytes).
    Removing stm32wbxx_hal_rtc.o(.ARM.exidx.text.HAL_RTC_DST_SetStoreOperation), (8 bytes).
    Removing stm32wbxx_hal_rtc.o(.text.HAL_RTC_DST_ClearStoreOperation), (56 bytes).
    Removing stm32wbxx_hal_rtc.o(.ARM.exidx.text.HAL_RTC_DST_ClearStoreOperation), (8 bytes).
    Removing stm32wbxx_hal_rtc.o(.text.HAL_RTC_DST_ReadStoreOperation), (22 bytes).
    Removing stm32wbxx_hal_rtc.o(.ARM.exidx.text.HAL_RTC_DST_ReadStoreOperation), (8 bytes).
    Removing stm32wbxx_hal_rtc.o(.text.HAL_RTC_GetState), (18 bytes).
    Removing stm32wbxx_hal_rtc.o(.ARM.exidx.text.HAL_RTC_GetState), (8 bytes).
    Removing stm32wbxx_hal_rtc_ex.o(.text), (0 bytes).
    Removing stm32wbxx_hal_rtc_ex.o(.text.HAL_RTCEx_SetTimeStamp), (222 bytes).
    Removing stm32wbxx_hal_rtc_ex.o(.ARM.exidx.text.HAL_RTCEx_SetTimeStamp), (8 bytes).
    Removing stm32wbxx_hal_rtc_ex.o(.text.HAL_RTCEx_SetTimeStamp_IT), (266 bytes).
    Removing stm32wbxx_hal_rtc_ex.o(.ARM.exidx.text.HAL_RTCEx_SetTimeStamp_IT), (8 bytes).
    Removing stm32wbxx_hal_rtc_ex.o(.text.HAL_RTCEx_DeactivateTimeStamp), (156 bytes).
    Removing stm32wbxx_hal_rtc_ex.o(.ARM.exidx.text.HAL_RTCEx_DeactivateTimeStamp), (8 bytes).
    Removing stm32wbxx_hal_rtc_ex.o(.text.HAL_RTCEx_SetInternalTimeStamp), (156 bytes).
    Removing stm32wbxx_hal_rtc_ex.o(.ARM.exidx.text.HAL_RTCEx_SetInternalTimeStamp), (8 bytes).
    Removing stm32wbxx_hal_rtc_ex.o(.text.HAL_RTCEx_DeactivateInternalTimeStamp), (130 bytes).
    Removing stm32wbxx_hal_rtc_ex.o(.ARM.exidx.text.HAL_RTCEx_DeactivateInternalTimeStamp), (8 bytes).
    Removing stm32wbxx_hal_rtc_ex.o(.text.HAL_RTCEx_GetTimeStamp), (316 bytes).
    Removing stm32wbxx_hal_rtc_ex.o(.ARM.exidx.text.HAL_RTCEx_GetTimeStamp), (8 bytes).
    Removing stm32wbxx_hal_rtc_ex.o(.text.HAL_RTCEx_SetTamper), (566 bytes).
    Removing stm32wbxx_hal_rtc_ex.o(.ARM.exidx.text.HAL_RTCEx_SetTamper), (8 bytes).
    Removing stm32wbxx_hal_rtc_ex.o(.text.HAL_RTCEx_SetTamper_IT), (534 bytes).
    Removing stm32wbxx_hal_rtc_ex.o(.ARM.exidx.text.HAL_RTCEx_SetTamper_IT), (8 bytes).
    Removing stm32wbxx_hal_rtc_ex.o(.text.HAL_RTCEx_DeactivateTamper), (202 bytes).
    Removing stm32wbxx_hal_rtc_ex.o(.ARM.exidx.text.HAL_RTCEx_DeactivateTamper), (8 bytes).
    Removing stm32wbxx_hal_rtc_ex.o(.text.HAL_RTCEx_TamperTimeStampIRQHandler), (318 bytes).
    Removing stm32wbxx_hal_rtc_ex.o(.ARM.exidx.text.HAL_RTCEx_TamperTimeStampIRQHandler), (8 bytes).
    Removing stm32wbxx_hal_rtc_ex.o(.text.HAL_RTCEx_TimeStampEventCallback), (12 bytes).
    Removing stm32wbxx_hal_rtc_ex.o(.ARM.exidx.text.HAL_RTCEx_TimeStampEventCallback), (8 bytes).
    Removing stm32wbxx_hal_rtc_ex.o(.text.HAL_RTCEx_Tamper1EventCallback), (12 bytes).
    Removing stm32wbxx_hal_rtc_ex.o(.ARM.exidx.text.HAL_RTCEx_Tamper1EventCallback), (8 bytes).
    Removing stm32wbxx_hal_rtc_ex.o(.text.HAL_RTCEx_Tamper2EventCallback), (12 bytes).
    Removing stm32wbxx_hal_rtc_ex.o(.ARM.exidx.text.HAL_RTCEx_Tamper2EventCallback), (8 bytes).
    Removing stm32wbxx_hal_rtc_ex.o(.text.HAL_RTCEx_Tamper3EventCallback), (12 bytes).
    Removing stm32wbxx_hal_rtc_ex.o(.ARM.exidx.text.HAL_RTCEx_Tamper3EventCallback), (8 bytes).
    Removing stm32wbxx_hal_rtc_ex.o(.text.HAL_RTCEx_PollForTimeStampEvent), (186 bytes).
    Removing stm32wbxx_hal_rtc_ex.o(.ARM.exidx.text.HAL_RTCEx_PollForTimeStampEvent), (8 bytes).
    Removing stm32wbxx_hal_rtc_ex.o(.text.HAL_RTCEx_PollForTamper1Event), (150 bytes).
    Removing stm32wbxx_hal_rtc_ex.o(.ARM.exidx.text.HAL_RTCEx_PollForTamper1Event), (8 bytes).
    Removing stm32wbxx_hal_rtc_ex.o(.text.HAL_RTCEx_PollForTamper2Event), (150 bytes).
    Removing stm32wbxx_hal_rtc_ex.o(.ARM.exidx.text.HAL_RTCEx_PollForTamper2Event), (8 bytes).
    Removing stm32wbxx_hal_rtc_ex.o(.text.HAL_RTCEx_PollForTamper3Event), (150 bytes).
    Removing stm32wbxx_hal_rtc_ex.o(.ARM.exidx.text.HAL_RTCEx_PollForTamper3Event), (8 bytes).
    Removing stm32wbxx_hal_rtc_ex.o(.text.HAL_RTCEx_SetWakeUpTimer), (412 bytes).
    Removing stm32wbxx_hal_rtc_ex.o(.ARM.exidx.text.HAL_RTCEx_SetWakeUpTimer), (8 bytes).
    Removing stm32wbxx_hal_rtc_ex.o(.ARM.exidx.text.HAL_RTCEx_SetWakeUpTimer_IT), (8 bytes).
    Removing stm32wbxx_hal_rtc_ex.o(.ARM.exidx.text.HAL_RTCEx_DeactivateWakeUpTimer), (8 bytes).
    Removing stm32wbxx_hal_rtc_ex.o(.text.HAL_RTCEx_GetWakeUpTimer), (20 bytes).
    Removing stm32wbxx_hal_rtc_ex.o(.ARM.exidx.text.HAL_RTCEx_GetWakeUpTimer), (8 bytes).
    Removing stm32wbxx_hal_rtc_ex.o(.ARM.exidx.text.HAL_RTCEx_WakeUpTimerIRQHandler), (8 bytes).
    Removing stm32wbxx_hal_rtc_ex.o(.text.HAL_RTCEx_WakeUpTimerEventCallback), (12 bytes).
    Removing stm32wbxx_hal_rtc_ex.o(.ARM.exidx.text.HAL_RTCEx_WakeUpTimerEventCallback), (8 bytes).
    Removing stm32wbxx_hal_rtc_ex.o(.text.HAL_RTCEx_PollForWakeUpTimerEvent), (150 bytes).
    Removing stm32wbxx_hal_rtc_ex.o(.ARM.exidx.text.HAL_RTCEx_PollForWakeUpTimerEvent), (8 bytes).
    Removing stm32wbxx_hal_rtc_ex.o(.text.HAL_RTCEx_BKUPWrite), (58 bytes).
    Removing stm32wbxx_hal_rtc_ex.o(.ARM.exidx.text.HAL_RTCEx_BKUPWrite), (8 bytes).
    Removing stm32wbxx_hal_rtc_ex.o(.text.HAL_RTCEx_BKUPRead), (44 bytes).
    Removing stm32wbxx_hal_rtc_ex.o(.ARM.exidx.text.HAL_RTCEx_BKUPRead), (8 bytes).
    Removing stm32wbxx_hal_rtc_ex.o(.text.HAL_RTCEx_SetSmoothCalib), (262 bytes).
    Removing stm32wbxx_hal_rtc_ex.o(.ARM.exidx.text.HAL_RTCEx_SetSmoothCalib), (8 bytes).
    Removing stm32wbxx_hal_rtc_ex.o(.text.HAL_RTCEx_SetSynchroShift), (360 bytes).
    Removing stm32wbxx_hal_rtc_ex.o(.ARM.exidx.text.HAL_RTCEx_SetSynchroShift), (8 bytes).
    Removing stm32wbxx_hal_rtc_ex.o(.text.HAL_RTCEx_SetCalibrationOutPut), (160 bytes).
    Removing stm32wbxx_hal_rtc_ex.o(.ARM.exidx.text.HAL_RTCEx_SetCalibrationOutPut), (8 bytes).
    Removing stm32wbxx_hal_rtc_ex.o(.text.HAL_RTCEx_DeactivateCalibrationOutPut), (130 bytes).
    Removing stm32wbxx_hal_rtc_ex.o(.ARM.exidx.text.HAL_RTCEx_DeactivateCalibrationOutPut), (8 bytes).
    Removing stm32wbxx_hal_rtc_ex.o(.text.HAL_RTCEx_SetRefClock), (178 bytes).
    Removing stm32wbxx_hal_rtc_ex.o(.ARM.exidx.text.HAL_RTCEx_SetRefClock), (8 bytes).
    Removing stm32wbxx_hal_rtc_ex.o(.text.HAL_RTCEx_DeactivateRefClock), (178 bytes).
    Removing stm32wbxx_hal_rtc_ex.o(.ARM.exidx.text.HAL_RTCEx_DeactivateRefClock), (8 bytes).
    Removing stm32wbxx_hal_rtc_ex.o(.text.HAL_RTCEx_EnableBypassShadow), (130 bytes).
    Removing stm32wbxx_hal_rtc_ex.o(.ARM.exidx.text.HAL_RTCEx_EnableBypassShadow), (8 bytes).
    Removing stm32wbxx_hal_rtc_ex.o(.text.HAL_RTCEx_DisableBypassShadow), (130 bytes).
    Removing stm32wbxx_hal_rtc_ex.o(.ARM.exidx.text.HAL_RTCEx_DisableBypassShadow), (8 bytes).
    Removing stm32wbxx_hal_rtc_ex.o(.text.HAL_RTCEx_AlarmBEventCallback), (12 bytes).
    Removing stm32wbxx_hal_rtc_ex.o(.ARM.exidx.text.HAL_RTCEx_AlarmBEventCallback), (8 bytes).
    Removing stm32wbxx_hal_rtc_ex.o(.text.HAL_RTCEx_PollForAlarmBEvent), (150 bytes).
    Removing stm32wbxx_hal_rtc_ex.o(.ARM.exidx.text.HAL_RTCEx_PollForAlarmBEvent), (8 bytes).
    Removing system_stm32wbxx.o(.text), (0 bytes).
    Removing system_stm32wbxx.o(.ARM.exidx.text.SystemInit), (8 bytes).
    Removing system_stm32wbxx.o(.text.SystemCoreClockUpdate), (326 bytes).
    Removing system_stm32wbxx.o(.ARM.exidx.text.SystemCoreClockUpdate), (8 bytes).
    Removing system_stm32wbxx.o(.rodata.APBPrescTable), (32 bytes).
    Removing system_stm32wbxx.o(.rodata.SmpsPrescalerTable), (96 bytes).

1039 unused section(s) (total 41550 bytes) removed from the image.

==============================================================================

Image Symbol Table

    Local Symbols

    Symbol Name                              Value     Ov Type        Size  Object(Section)

    ../clib/microlib/init/entry.s            0x00000000   Number         0  entry.o ABSOLUTE
    ../clib/microlib/init/entry.s            0x00000000   Number         0  entry2.o ABSOLUTE
    ../clib/microlib/init/entry.s            0x00000000   Number         0  entry5.o ABSOLUTE
    ../clib/microlib/init/entry.s            0x00000000   Number         0  entry7a.o ABSOLUTE
    ../clib/microlib/init/entry.s            0x00000000   Number         0  entry7b.o ABSOLUTE
    ../clib/microlib/init/entry.s            0x00000000   Number         0  entry8a.o ABSOLUTE
    ../clib/microlib/init/entry.s            0x00000000   Number         0  entry8b.o ABSOLUTE
    ../clib/microlib/init/entry.s            0x00000000   Number         0  entry9a.o ABSOLUTE
    ../clib/microlib/init/entry.s            0x00000000   Number         0  entry9b.o ABSOLUTE
    ../clib/microlib/init/entry.s            0x00000000   Number         0  entry10a.o ABSOLUTE
    ../clib/microlib/init/entry.s            0x00000000   Number         0  entry10b.o ABSOLUTE
    ../clib/microlib/init/entry.s            0x00000000   Number         0  entry11a.o ABSOLUTE
    ../clib/microlib/init/entry.s            0x00000000   Number         0  entry11b.o ABSOLUTE
    ../clib/microlib/string/memset.c         0x00000000   Number         0  memseta.o ABSOLUTE
    IIC3.c                                   0x00000000   Number         0  iic3.o ABSOLUTE
    dc.s                                     0x00000000   Number         0  dc.o ABSOLUTE
    gpio.c                                   0x00000000   Number         0  gpio.o ABSOLUTE
    handlers.s                               0x00000000   Number         0  handlers.o ABSOLUTE
    init.s                                   0x00000000   Number         0  init.o ABSOLUTE
    main.c                                   0x00000000   Number         0  main.o ABSOLUTE
    rtc.c                                    0x00000000   Number         0  rtc.o ABSOLUTE
    startup_stm32wb55xx_cm4.s                0x00000000   Number         0  startup_stm32wb55xx_cm4.o ABSOLUTE
    stm32wbxx_hal.c                          0x00000000   Number         0  stm32wbxx_hal.o ABSOLUTE
    stm32wbxx_hal_cortex.c                   0x00000000   Number         0  stm32wbxx_hal_cortex.o ABSOLUTE
    stm32wbxx_hal_dma.c                      0x00000000   Number         0  stm32wbxx_hal_dma.o ABSOLUTE
    stm32wbxx_hal_dma_ex.c                   0x00000000   Number         0  stm32wbxx_hal_dma_ex.o ABSOLUTE
    stm32wbxx_hal_exti.c                     0x00000000   Number         0  stm32wbxx_hal_exti.o ABSOLUTE
    stm32wbxx_hal_flash.c                    0x00000000   Number         0  stm32wbxx_hal_flash.o ABSOLUTE
    stm32wbxx_hal_flash_ex.c                 0x00000000   Number         0  stm32wbxx_hal_flash_ex.o ABSOLUTE
    stm32wbxx_hal_gpio.c                     0x00000000   Number         0  stm32wbxx_hal_gpio.o ABSOLUTE
    stm32wbxx_hal_hsem.c                     0x00000000   Number         0  stm32wbxx_hal_hsem.o ABSOLUTE
    stm32wbxx_hal_msp.c                      0x00000000   Number         0  stm32wbxx_hal_msp.o ABSOLUTE
    stm32wbxx_hal_pwr.c                      0x00000000   Number         0  stm32wbxx_hal_pwr.o ABSOLUTE
    stm32wbxx_hal_pwr_ex.c                   0x00000000   Number         0  stm32wbxx_hal_pwr_ex.o ABSOLUTE
    stm32wbxx_hal_rcc.c                      0x00000000   Number         0  stm32wbxx_hal_rcc.o ABSOLUTE
    stm32wbxx_hal_rcc_ex.c                   0x00000000   Number         0  stm32wbxx_hal_rcc_ex.o ABSOLUTE
    stm32wbxx_hal_rtc.c                      0x00000000   Number         0  stm32wbxx_hal_rtc.o ABSOLUTE
    stm32wbxx_hal_rtc_ex.c                   0x00000000   Number         0  stm32wbxx_hal_rtc_ex.o ABSOLUTE
    stm32wbxx_it.c                           0x00000000   Number         0  stm32wbxx_it.o ABSOLUTE
    stm32wbxx_ll_rcc.c                       0x00000000   Number         0  stm32wbxx_ll_rcc.o ABSOLUTE
    system_stm32wbxx.c                       0x00000000   Number         0  system_stm32wbxx.o ABSOLUTE
    RESET                                    0x08000000   Section      316  startup_stm32wb55xx_cm4.o(RESET)
    .ARM.Collect$$$$00000000                 0x0800013c   Section        0  entry.o(.ARM.Collect$$$$00000000)
    .ARM.Collect$$$$00000001                 0x0800013c   Section        4  entry2.o(.ARM.Collect$$$$00000001)
    .ARM.Collect$$$$00000004                 0x08000140   Section        4  entry5.o(.ARM.Collect$$$$00000004)
    .ARM.Collect$$$$00000008                 0x08000144   Section        0  entry7b.o(.ARM.Collect$$$$00000008)
    .ARM.Collect$$$$0000000A                 0x08000144   Section        0  entry8b.o(.ARM.Collect$$$$0000000A)
    .ARM.Collect$$$$0000000B                 0x08000144   Section        8  entry9a.o(.ARM.Collect$$$$0000000B)
    __lit__00000000                          0x0800014c   Data           4  entry2.o(.ARM.Collect$$$$00002712)
    .ARM.Collect$$$$0000000D                 0x0800014c   Section        0  entry10a.o(.ARM.Collect$$$$0000000D)
    .ARM.Collect$$$$0000000F                 0x0800014c   Section        0  entry11a.o(.ARM.Collect$$$$0000000F)
    .ARM.Collect$$$$00002712                 0x0800014c   Section        4  entry2.o(.ARM.Collect$$$$00002712)
    $v0                                      0x08000150   Number         0  startup_stm32wb55xx_cm4.o(.text)
    .text                                    0x08000150   Section       36  startup_stm32wb55xx_cm4.o(.text)
    .text                                    0x08000174   Section        0  memseta.o(.text)
    .text                                    0x08000198   Section       36  init.o(.text)
    [Anonymous Symbol]                       0x080001bc   Section        0  stm32wbxx_it.o(.text.BusFault_Handler)
    [Anonymous Symbol]                       0x080001c0   Section        0  stm32wbxx_it.o(.text.DebugMon_Handler)
    [Anonymous Symbol]                       0x080001c4   Section        0  iic3.o(.text.Delay_ns)
    EnterStop2_ForSeconds                    0x080001e5   Thumb Code   168  main.o(.text.EnterStop2_ForSeconds)
    [Anonymous Symbol]                       0x080001e4   Section        0  main.o(.text.EnterStop2_ForSeconds)
    [Anonymous Symbol]                       0x0800028c   Section        0  main.o(.text.Error_Handler)
    [Anonymous Symbol]                       0x0800029c   Section        0  stm32wbxx_hal_gpio.o(.text.HAL_GPIO_Init)
    [Anonymous Symbol]                       0x080005e0   Section        0  stm32wbxx_hal_gpio.o(.text.HAL_GPIO_ReadPin)
    [Anonymous Symbol]                       0x08000618   Section        0  stm32wbxx_hal_gpio.o(.text.HAL_GPIO_WritePin)
    [Anonymous Symbol]                       0x08000658   Section        0  stm32wbxx_hal.o(.text.HAL_GetTick)
    [Anonymous Symbol]                       0x08000664   Section        0  stm32wbxx_hal.o(.text.HAL_GetTickPrio)
    [Anonymous Symbol]                       0x08000670   Section        0  stm32wbxx_hal.o(.text.HAL_IncTick)
    [Anonymous Symbol]                       0x0800068c   Section        0  stm32wbxx_hal.o(.text.HAL_Init)
    [Anonymous Symbol]                       0x080006d0   Section        0  stm32wbxx_hal.o(.text.HAL_InitTick)
    [Anonymous Symbol]                       0x0800075c   Section        0  stm32wbxx_hal_msp.o(.text.HAL_MspInit)
    [Anonymous Symbol]                       0x08000760   Section        0  stm32wbxx_hal_cortex.o(.text.HAL_NVIC_EnableIRQ)
    [Anonymous Symbol]                       0x08000778   Section        0  stm32wbxx_hal_cortex.o(.text.HAL_NVIC_SetPriority)
    [Anonymous Symbol]                       0x080007c0   Section        0  stm32wbxx_hal_cortex.o(.text.HAL_NVIC_SetPriorityGrouping)
    [Anonymous Symbol]                       0x080007d4   Section        0  stm32wbxx_hal_pwr_ex.o(.text.HAL_PWREx_EnterSTOP2Mode)
    [Anonymous Symbol]                       0x0800082c   Section        0  stm32wbxx_hal_pwr_ex.o(.text.HAL_PWREx_GetVoltageRange)
    [Anonymous Symbol]                       0x0800083c   Section        0  stm32wbxx_hal_pwr.o(.text.HAL_PWR_EnableBkUpAccess)
    [Anonymous Symbol]                       0x08000850   Section        0  stm32wbxx_hal_rcc_ex.o(.text.HAL_RCCEx_PeriphCLKConfig)
    [Anonymous Symbol]                       0x08000b90   Section        0  stm32wbxx_hal_rcc.o(.text.HAL_RCC_ClockConfig)
    [Anonymous Symbol]                       0x08000ebc   Section        0  stm32wbxx_hal_rcc.o(.text.HAL_RCC_GetHCLKFreq)
    [Anonymous Symbol]                       0x08000ee8   Section        0  stm32wbxx_hal_rcc.o(.text.HAL_RCC_GetSysClockFreq)
    [Anonymous Symbol]                       0x0800100c   Section        0  stm32wbxx_hal_rcc.o(.text.HAL_RCC_OscConfig)
    [Anonymous Symbol]                       0x08001884   Section        0  stm32wbxx_hal_rtc_ex.o(.text.HAL_RTCEx_DeactivateWakeUpTimer)
    [Anonymous Symbol]                       0x08001974   Section        0  stm32wbxx_hal_rtc_ex.o(.text.HAL_RTCEx_SetWakeUpTimer_IT)
    [Anonymous Symbol]                       0x08001b68   Section        0  main.o(.text.HAL_RTCEx_WakeUpTimerEventCallback)
    [Anonymous Symbol]                       0x08001b80   Section        0  stm32wbxx_hal_rtc_ex.o(.text.HAL_RTCEx_WakeUpTimerIRQHandler)
    [Anonymous Symbol]                       0x08001bd4   Section        0  stm32wbxx_hal_rtc.o(.text.HAL_RTC_Init)
    [Anonymous Symbol]                       0x08001cfc   Section        0  rtc.o(.text.HAL_RTC_MspInit)
    [Anonymous Symbol]                       0x08001d54   Section        0  stm32wbxx_hal_rtc.o(.text.HAL_RTC_WaitForSynchro)
    [Anonymous Symbol]                       0x08001db4   Section        0  stm32wbxx_hal.o(.text.HAL_ResumeTick)
    [Anonymous Symbol]                       0x08001dc8   Section        0  stm32wbxx_hal_cortex.o(.text.HAL_SYSTICK_Config)
    [Anonymous Symbol]                       0x08001ddc   Section        0  stm32wbxx_hal.o(.text.HAL_SuspendTick)
    [Anonymous Symbol]                       0x08001df0   Section        0  stm32wbxx_it.o(.text.HardFault_Handler)
    [Anonymous Symbol]                       0x08001df4   Section        0  iic3.o(.text.IIC3_Init)
    [Anonymous Symbol]                       0x08001e4c   Section        0  iic3.o(.text.IIC3_Receive_ack)
    [Anonymous Symbol]                       0x08001ea8   Section        0  iic3.o(.text.IIC3_Send_byte)
    [Anonymous Symbol]                       0x08001f54   Section        0  iic3.o(.text.IIC3_Start)
    [Anonymous Symbol]                       0x08001fb8   Section        0  iic3.o(.text.IIC3_Stop)
    [Anonymous Symbol]                       0x08001ffc   Section        0  iic3.o(.text.IIC3_Transmit)
    LL_AHB2_GRP1_EnableClock                 0x080020a5   Thumb Code    38  gpio.o(.text.LL_AHB2_GRP1_EnableClock)
    [Anonymous Symbol]                       0x080020a4   Section        0  gpio.o(.text.LL_AHB2_GRP1_EnableClock)
    LL_AHB2_GRP1_EnableClock                 0x080020cd   Thumb Code    38  iic3.o(.text.LL_AHB2_GRP1_EnableClock)
    [Anonymous Symbol]                       0x080020cc   Section        0  iic3.o(.text.LL_AHB2_GRP1_EnableClock)
    LL_APB1_GRP1_EnableClock                 0x080020f5   Thumb Code    38  rtc.o(.text.LL_APB1_GRP1_EnableClock)
    [Anonymous Symbol]                       0x080020f4   Section        0  rtc.o(.text.LL_APB1_GRP1_EnableClock)
    LL_C2_RCC_SetAHBPrescaler                0x0800211d   Thumb Code    32  stm32wbxx_hal_rcc.o(.text.LL_C2_RCC_SetAHBPrescaler)
    [Anonymous Symbol]                       0x0800211c   Section        0  stm32wbxx_hal_rcc.o(.text.LL_C2_RCC_SetAHBPrescaler)
    LL_RCC_EnableRTC                         0x0800213d   Thumb Code    16  rtc.o(.text.LL_RCC_EnableRTC)
    [Anonymous Symbol]                       0x0800213c   Section        0  rtc.o(.text.LL_RCC_EnableRTC)
    LL_RCC_ForceBackupDomainReset            0x0800214d   Thumb Code    16  stm32wbxx_hal_rcc_ex.o(.text.LL_RCC_ForceBackupDomainReset)
    [Anonymous Symbol]                       0x0800214c   Section        0  stm32wbxx_hal_rcc_ex.o(.text.LL_RCC_ForceBackupDomainReset)
    LL_RCC_GetAHB4Prescaler                  0x0800215d   Thumb Code    18  stm32wbxx_hal_rcc.o(.text.LL_RCC_GetAHB4Prescaler)
    [Anonymous Symbol]                       0x0800215c   Section        0  stm32wbxx_hal_rcc.o(.text.LL_RCC_GetAHB4Prescaler)
    LL_RCC_GetAHBPrescaler                   0x08002171   Thumb Code    14  stm32wbxx_hal_rcc.o(.text.LL_RCC_GetAHBPrescaler)
    [Anonymous Symbol]                       0x08002170   Section        0  stm32wbxx_hal_rcc.o(.text.LL_RCC_GetAHBPrescaler)
    LL_RCC_GetRTCClockSource                 0x08002181   Thumb Code    14  stm32wbxx_hal_rcc_ex.o(.text.LL_RCC_GetRTCClockSource)
    [Anonymous Symbol]                       0x08002180   Section        0  stm32wbxx_hal_rcc_ex.o(.text.LL_RCC_GetRTCClockSource)
    LL_RCC_GetSysClkSource                   0x08002191   Thumb Code    14  stm32wbxx_hal_rcc.o(.text.LL_RCC_GetSysClkSource)
    [Anonymous Symbol]                       0x08002190   Section        0  stm32wbxx_hal_rcc.o(.text.LL_RCC_GetSysClkSource)
    LL_RCC_HSE_Disable                       0x080021a1   Thumb Code    14  stm32wbxx_hal_rcc.o(.text.LL_RCC_HSE_Disable)
    [Anonymous Symbol]                       0x080021a0   Section        0  stm32wbxx_hal_rcc.o(.text.LL_RCC_HSE_Disable)
    LL_RCC_HSE_Enable                        0x080021b1   Thumb Code    14  stm32wbxx_hal_rcc.o(.text.LL_RCC_HSE_Enable)
    [Anonymous Symbol]                       0x080021b0   Section        0  stm32wbxx_hal_rcc.o(.text.LL_RCC_HSE_Enable)
    LL_RCC_HSE_IsEnabledDiv2                 0x080021c1   Thumb Code    12  stm32wbxx_hal_rcc.o(.text.LL_RCC_HSE_IsEnabledDiv2)
    [Anonymous Symbol]                       0x080021c0   Section        0  stm32wbxx_hal_rcc.o(.text.LL_RCC_HSE_IsEnabledDiv2)
    LL_RCC_HSE_IsReady                       0x080021cd   Thumb Code    12  stm32wbxx_hal_rcc.o(.text.LL_RCC_HSE_IsReady)
    [Anonymous Symbol]                       0x080021cc   Section        0  stm32wbxx_hal_rcc.o(.text.LL_RCC_HSE_IsReady)
    LL_RCC_HSI48_Disable                     0x080021d9   Thumb Code    16  stm32wbxx_hal_rcc.o(.text.LL_RCC_HSI48_Disable)
    [Anonymous Symbol]                       0x080021d8   Section        0  stm32wbxx_hal_rcc.o(.text.LL_RCC_HSI48_Disable)
    LL_RCC_HSI48_Enable                      0x080021e9   Thumb Code    16  stm32wbxx_hal_rcc.o(.text.LL_RCC_HSI48_Enable)
    [Anonymous Symbol]                       0x080021e8   Section        0  stm32wbxx_hal_rcc.o(.text.LL_RCC_HSI48_Enable)
    LL_RCC_HSI48_IsReady                     0x080021f9   Thumb Code    14  stm32wbxx_hal_rcc.o(.text.LL_RCC_HSI48_IsReady)
    [Anonymous Symbol]                       0x080021f8   Section        0  stm32wbxx_hal_rcc.o(.text.LL_RCC_HSI48_IsReady)
    LL_RCC_HSI_Disable                       0x08002209   Thumb Code    14  stm32wbxx_hal_rcc.o(.text.LL_RCC_HSI_Disable)
    [Anonymous Symbol]                       0x08002208   Section        0  stm32wbxx_hal_rcc.o(.text.LL_RCC_HSI_Disable)
    LL_RCC_HSI_Enable                        0x08002219   Thumb Code    14  stm32wbxx_hal_rcc.o(.text.LL_RCC_HSI_Enable)
    [Anonymous Symbol]                       0x08002218   Section        0  stm32wbxx_hal_rcc.o(.text.LL_RCC_HSI_Enable)
    LL_RCC_HSI_IsReady                       0x08002229   Thumb Code    12  stm32wbxx_hal_rcc.o(.text.LL_RCC_HSI_IsReady)
    [Anonymous Symbol]                       0x08002228   Section        0  stm32wbxx_hal_rcc.o(.text.LL_RCC_HSI_IsReady)
    LL_RCC_HSI_SetCalibTrimming              0x08002235   Thumb Code    32  stm32wbxx_hal_rcc.o(.text.LL_RCC_HSI_SetCalibTrimming)
    [Anonymous Symbol]                       0x08002234   Section        0  stm32wbxx_hal_rcc.o(.text.LL_RCC_HSI_SetCalibTrimming)
    LL_RCC_IsActiveFlag_C2HPRE               0x08002255   Thumb Code    16  stm32wbxx_hal_rcc.o(.text.LL_RCC_IsActiveFlag_C2HPRE)
    [Anonymous Symbol]                       0x08002254   Section        0  stm32wbxx_hal_rcc.o(.text.LL_RCC_IsActiveFlag_C2HPRE)
    LL_RCC_IsActiveFlag_HPRE                 0x08002265   Thumb Code    14  stm32wbxx_hal_rcc.o(.text.LL_RCC_IsActiveFlag_HPRE)
    [Anonymous Symbol]                       0x08002264   Section        0  stm32wbxx_hal_rcc.o(.text.LL_RCC_IsActiveFlag_HPRE)
    LL_RCC_IsActiveFlag_PPRE1                0x08002275   Thumb Code    14  stm32wbxx_hal_rcc.o(.text.LL_RCC_IsActiveFlag_PPRE1)
    [Anonymous Symbol]                       0x08002274   Section        0  stm32wbxx_hal_rcc.o(.text.LL_RCC_IsActiveFlag_PPRE1)
    LL_RCC_IsActiveFlag_PPRE2                0x08002285   Thumb Code    14  stm32wbxx_hal_rcc.o(.text.LL_RCC_IsActiveFlag_PPRE2)
    [Anonymous Symbol]                       0x08002284   Section        0  stm32wbxx_hal_rcc.o(.text.LL_RCC_IsActiveFlag_PPRE2)
    LL_RCC_IsActiveFlag_SHDHPRE              0x08002295   Thumb Code    16  stm32wbxx_hal_rcc.o(.text.LL_RCC_IsActiveFlag_SHDHPRE)
    [Anonymous Symbol]                       0x08002294   Section        0  stm32wbxx_hal_rcc.o(.text.LL_RCC_IsActiveFlag_SHDHPRE)
    LL_RCC_LSE_Disable                       0x080022a5   Thumb Code    16  stm32wbxx_hal_rcc.o(.text.LL_RCC_LSE_Disable)
    [Anonymous Symbol]                       0x080022a4   Section        0  stm32wbxx_hal_rcc.o(.text.LL_RCC_LSE_Disable)
    LL_RCC_LSE_DisableBypass                 0x080022b5   Thumb Code    16  stm32wbxx_hal_rcc.o(.text.LL_RCC_LSE_DisableBypass)
    [Anonymous Symbol]                       0x080022b4   Section        0  stm32wbxx_hal_rcc.o(.text.LL_RCC_LSE_DisableBypass)
    LL_RCC_LSE_Enable                        0x080022c5   Thumb Code    16  stm32wbxx_hal_rcc.o(.text.LL_RCC_LSE_Enable)
    [Anonymous Symbol]                       0x080022c4   Section        0  stm32wbxx_hal_rcc.o(.text.LL_RCC_LSE_Enable)
    LL_RCC_LSE_EnableBypass                  0x080022d5   Thumb Code    16  stm32wbxx_hal_rcc.o(.text.LL_RCC_LSE_EnableBypass)
    [Anonymous Symbol]                       0x080022d4   Section        0  stm32wbxx_hal_rcc.o(.text.LL_RCC_LSE_EnableBypass)
    LL_RCC_LSE_IsEnabled                     0x080022e5   Thumb Code    14  stm32wbxx_hal_rcc_ex.o(.text.LL_RCC_LSE_IsEnabled)
    [Anonymous Symbol]                       0x080022e4   Section        0  stm32wbxx_hal_rcc_ex.o(.text.LL_RCC_LSE_IsEnabled)
    LL_RCC_LSE_IsReady                       0x080022f5   Thumb Code    14  stm32wbxx_hal_rcc.o(.text.LL_RCC_LSE_IsReady)
    [Anonymous Symbol]                       0x080022f4   Section        0  stm32wbxx_hal_rcc.o(.text.LL_RCC_LSE_IsReady)
    LL_RCC_LSE_IsReady                       0x08002305   Thumb Code    14  stm32wbxx_hal_rcc_ex.o(.text.LL_RCC_LSE_IsReady)
    [Anonymous Symbol]                       0x08002304   Section        0  stm32wbxx_hal_rcc_ex.o(.text.LL_RCC_LSE_IsReady)
    LL_RCC_LSE_SetDriveCapability            0x08002315   Thumb Code    30  main.o(.text.LL_RCC_LSE_SetDriveCapability)
    [Anonymous Symbol]                       0x08002314   Section        0  main.o(.text.LL_RCC_LSE_SetDriveCapability)
    LL_RCC_LSI1_Disable                      0x08002335   Thumb Code    16  stm32wbxx_hal_rcc.o(.text.LL_RCC_LSI1_Disable)
    [Anonymous Symbol]                       0x08002334   Section        0  stm32wbxx_hal_rcc.o(.text.LL_RCC_LSI1_Disable)
    LL_RCC_LSI1_Enable                       0x08002345   Thumb Code    16  stm32wbxx_hal_rcc.o(.text.LL_RCC_LSI1_Enable)
    [Anonymous Symbol]                       0x08002344   Section        0  stm32wbxx_hal_rcc.o(.text.LL_RCC_LSI1_Enable)
    LL_RCC_LSI1_IsReady                      0x08002355   Thumb Code    14  stm32wbxx_hal_rcc.o(.text.LL_RCC_LSI1_IsReady)
    [Anonymous Symbol]                       0x08002354   Section        0  stm32wbxx_hal_rcc.o(.text.LL_RCC_LSI1_IsReady)
    LL_RCC_LSI2_Disable                      0x08002365   Thumb Code    16  stm32wbxx_hal_rcc.o(.text.LL_RCC_LSI2_Disable)
    [Anonymous Symbol]                       0x08002364   Section        0  stm32wbxx_hal_rcc.o(.text.LL_RCC_LSI2_Disable)
    LL_RCC_LSI2_Enable                       0x08002375   Thumb Code    16  stm32wbxx_hal_rcc.o(.text.LL_RCC_LSI2_Enable)
    [Anonymous Symbol]                       0x08002374   Section        0  stm32wbxx_hal_rcc.o(.text.LL_RCC_LSI2_Enable)
    LL_RCC_LSI2_IsReady                      0x08002385   Thumb Code    14  stm32wbxx_hal_rcc.o(.text.LL_RCC_LSI2_IsReady)
    [Anonymous Symbol]                       0x08002384   Section        0  stm32wbxx_hal_rcc.o(.text.LL_RCC_LSI2_IsReady)
    LL_RCC_LSI2_SetTrimming                  0x08002395   Thumb Code    32  stm32wbxx_hal_rcc.o(.text.LL_RCC_LSI2_SetTrimming)
    [Anonymous Symbol]                       0x08002394   Section        0  stm32wbxx_hal_rcc.o(.text.LL_RCC_LSI2_SetTrimming)
    LL_RCC_MSI_Disable                       0x080023b5   Thumb Code    14  stm32wbxx_hal_rcc.o(.text.LL_RCC_MSI_Disable)
    [Anonymous Symbol]                       0x080023b4   Section        0  stm32wbxx_hal_rcc.o(.text.LL_RCC_MSI_Disable)
    LL_RCC_MSI_Enable                        0x080023c5   Thumb Code    14  stm32wbxx_hal_rcc.o(.text.LL_RCC_MSI_Enable)
    [Anonymous Symbol]                       0x080023c4   Section        0  stm32wbxx_hal_rcc.o(.text.LL_RCC_MSI_Enable)
    LL_RCC_MSI_GetRange                      0x080023d5   Thumb Code    34  stm32wbxx_hal_rcc.o(.text.LL_RCC_MSI_GetRange)
    [Anonymous Symbol]                       0x080023d4   Section        0  stm32wbxx_hal_rcc.o(.text.LL_RCC_MSI_GetRange)
    LL_RCC_MSI_IsReady                       0x080023f9   Thumb Code    12  stm32wbxx_hal_rcc.o(.text.LL_RCC_MSI_IsReady)
    [Anonymous Symbol]                       0x080023f8   Section        0  stm32wbxx_hal_rcc.o(.text.LL_RCC_MSI_IsReady)
    LL_RCC_MSI_SetCalibTrimming              0x08002405   Thumb Code    32  stm32wbxx_hal_rcc.o(.text.LL_RCC_MSI_SetCalibTrimming)
    [Anonymous Symbol]                       0x08002404   Section        0  stm32wbxx_hal_rcc.o(.text.LL_RCC_MSI_SetCalibTrimming)
    LL_RCC_MSI_SetRange                      0x08002425   Thumb Code    28  stm32wbxx_hal_rcc.o(.text.LL_RCC_MSI_SetRange)
    [Anonymous Symbol]                       0x08002424   Section        0  stm32wbxx_hal_rcc.o(.text.LL_RCC_MSI_SetRange)
    LL_RCC_PLLSAI1_Disable                   0x08002441   Thumb Code    14  stm32wbxx_hal_rcc_ex.o(.text.LL_RCC_PLLSAI1_Disable)
    [Anonymous Symbol]                       0x08002440   Section        0  stm32wbxx_hal_rcc_ex.o(.text.LL_RCC_PLLSAI1_Disable)
    LL_RCC_PLLSAI1_Enable                    0x08002451   Thumb Code    14  stm32wbxx_hal_rcc_ex.o(.text.LL_RCC_PLLSAI1_Enable)
    [Anonymous Symbol]                       0x08002450   Section        0  stm32wbxx_hal_rcc_ex.o(.text.LL_RCC_PLLSAI1_Enable)
    LL_RCC_PLLSAI1_IsReady                   0x08002461   Thumb Code    12  stm32wbxx_hal_rcc_ex.o(.text.LL_RCC_PLLSAI1_IsReady)
    [Anonymous Symbol]                       0x08002460   Section        0  stm32wbxx_hal_rcc_ex.o(.text.LL_RCC_PLLSAI1_IsReady)
    LL_RCC_PLL_Disable                       0x0800246d   Thumb Code    14  stm32wbxx_hal_rcc.o(.text.LL_RCC_PLL_Disable)
    [Anonymous Symbol]                       0x0800246c   Section        0  stm32wbxx_hal_rcc.o(.text.LL_RCC_PLL_Disable)
    LL_RCC_PLL_Enable                        0x0800247d   Thumb Code    14  stm32wbxx_hal_rcc.o(.text.LL_RCC_PLL_Enable)
    [Anonymous Symbol]                       0x0800247c   Section        0  stm32wbxx_hal_rcc.o(.text.LL_RCC_PLL_Enable)
    LL_RCC_PLL_GetDivider                    0x0800248d   Thumb Code    14  stm32wbxx_hal_rcc.o(.text.LL_RCC_PLL_GetDivider)
    [Anonymous Symbol]                       0x0800248c   Section        0  stm32wbxx_hal_rcc.o(.text.LL_RCC_PLL_GetDivider)
    LL_RCC_PLL_GetMainSource                 0x0800249d   Thumb Code    14  stm32wbxx_hal_rcc.o(.text.LL_RCC_PLL_GetMainSource)
    [Anonymous Symbol]                       0x0800249c   Section        0  stm32wbxx_hal_rcc.o(.text.LL_RCC_PLL_GetMainSource)
    LL_RCC_PLL_GetN                          0x080024ad   Thumb Code    14  stm32wbxx_hal_rcc.o(.text.LL_RCC_PLL_GetN)
    [Anonymous Symbol]                       0x080024ac   Section        0  stm32wbxx_hal_rcc.o(.text.LL_RCC_PLL_GetN)
    LL_RCC_PLL_GetR                          0x080024bd   Thumb Code    14  stm32wbxx_hal_rcc.o(.text.LL_RCC_PLL_GetR)
    [Anonymous Symbol]                       0x080024bc   Section        0  stm32wbxx_hal_rcc.o(.text.LL_RCC_PLL_GetR)
    LL_RCC_PLL_IsReady                       0x080024cd   Thumb Code    12  stm32wbxx_hal_rcc.o(.text.LL_RCC_PLL_IsReady)
    [Anonymous Symbol]                       0x080024cc   Section        0  stm32wbxx_hal_rcc.o(.text.LL_RCC_PLL_IsReady)
    LL_RCC_ReleaseBackupDomainReset          0x080024d9   Thumb Code    16  stm32wbxx_hal_rcc_ex.o(.text.LL_RCC_ReleaseBackupDomainReset)
    [Anonymous Symbol]                       0x080024d8   Section        0  stm32wbxx_hal_rcc_ex.o(.text.LL_RCC_ReleaseBackupDomainReset)
    LL_RCC_SetADCClockSource                 0x080024e9   Thumb Code    30  stm32wbxx_hal_rcc_ex.o(.text.LL_RCC_SetADCClockSource)
    [Anonymous Symbol]                       0x080024e8   Section        0  stm32wbxx_hal_rcc_ex.o(.text.LL_RCC_SetADCClockSource)
    LL_RCC_SetAHB4Prescaler                  0x08002509   Thumb Code    34  stm32wbxx_hal_rcc.o(.text.LL_RCC_SetAHB4Prescaler)
    [Anonymous Symbol]                       0x08002508   Section        0  stm32wbxx_hal_rcc.o(.text.LL_RCC_SetAHB4Prescaler)
    LL_RCC_SetAHBPrescaler                   0x0800252d   Thumb Code    30  stm32wbxx_hal_rcc.o(.text.LL_RCC_SetAHBPrescaler)
    [Anonymous Symbol]                       0x0800252c   Section        0  stm32wbxx_hal_rcc.o(.text.LL_RCC_SetAHBPrescaler)
    LL_RCC_SetAPB1Prescaler                  0x0800254d   Thumb Code    30  stm32wbxx_hal_rcc.o(.text.LL_RCC_SetAPB1Prescaler)
    [Anonymous Symbol]                       0x0800254c   Section        0  stm32wbxx_hal_rcc.o(.text.LL_RCC_SetAPB1Prescaler)
    LL_RCC_SetAPB2Prescaler                  0x0800256d   Thumb Code    30  stm32wbxx_hal_rcc.o(.text.LL_RCC_SetAPB2Prescaler)
    [Anonymous Symbol]                       0x0800256c   Section        0  stm32wbxx_hal_rcc.o(.text.LL_RCC_SetAPB2Prescaler)
    LL_RCC_SetCLK48ClockSource               0x0800258d   Thumb Code    30  stm32wbxx_hal_rcc_ex.o(.text.LL_RCC_SetCLK48ClockSource)
    [Anonymous Symbol]                       0x0800258c   Section        0  stm32wbxx_hal_rcc_ex.o(.text.LL_RCC_SetCLK48ClockSource)
    LL_RCC_SetI2CClockSource                 0x080025ad   Thumb Code    44  stm32wbxx_hal_rcc_ex.o(.text.LL_RCC_SetI2CClockSource)
    [Anonymous Symbol]                       0x080025ac   Section        0  stm32wbxx_hal_rcc_ex.o(.text.LL_RCC_SetI2CClockSource)
    LL_RCC_SetLPTIMClockSource               0x080025d9   Thumb Code    40  stm32wbxx_hal_rcc_ex.o(.text.LL_RCC_SetLPTIMClockSource)
    [Anonymous Symbol]                       0x080025d8   Section        0  stm32wbxx_hal_rcc_ex.o(.text.LL_RCC_SetLPTIMClockSource)
    LL_RCC_SetLPUARTClockSource              0x08002601   Thumb Code    30  stm32wbxx_hal_rcc_ex.o(.text.LL_RCC_SetLPUARTClockSource)
    [Anonymous Symbol]                       0x08002600   Section        0  stm32wbxx_hal_rcc_ex.o(.text.LL_RCC_SetLPUARTClockSource)
    LL_RCC_SetRFWKPClockSource               0x08002621   Thumb Code    30  stm32wbxx_hal_rcc_ex.o(.text.LL_RCC_SetRFWKPClockSource)
    [Anonymous Symbol]                       0x08002620   Section        0  stm32wbxx_hal_rcc_ex.o(.text.LL_RCC_SetRFWKPClockSource)
    LL_RCC_SetRNGClockSource                 0x08002641   Thumb Code    30  stm32wbxx_hal_rcc_ex.o(.text.LL_RCC_SetRNGClockSource)
    [Anonymous Symbol]                       0x08002640   Section        0  stm32wbxx_hal_rcc_ex.o(.text.LL_RCC_SetRNGClockSource)
    LL_RCC_SetRTCClockSource                 0x08002661   Thumb Code    30  stm32wbxx_hal_rcc_ex.o(.text.LL_RCC_SetRTCClockSource)
    [Anonymous Symbol]                       0x08002660   Section        0  stm32wbxx_hal_rcc_ex.o(.text.LL_RCC_SetRTCClockSource)
    LL_RCC_SetSAIClockSource                 0x08002681   Thumb Code    30  stm32wbxx_hal_rcc_ex.o(.text.LL_RCC_SetSAIClockSource)
    [Anonymous Symbol]                       0x08002680   Section        0  stm32wbxx_hal_rcc_ex.o(.text.LL_RCC_SetSAIClockSource)
    LL_RCC_SetSMPSClockSource                0x080026a1   Thumb Code    30  stm32wbxx_hal_rcc_ex.o(.text.LL_RCC_SetSMPSClockSource)
    [Anonymous Symbol]                       0x080026a0   Section        0  stm32wbxx_hal_rcc_ex.o(.text.LL_RCC_SetSMPSClockSource)
    LL_RCC_SetSMPSPrescaler                  0x080026c1   Thumb Code    30  stm32wbxx_hal_rcc_ex.o(.text.LL_RCC_SetSMPSPrescaler)
    [Anonymous Symbol]                       0x080026c0   Section        0  stm32wbxx_hal_rcc_ex.o(.text.LL_RCC_SetSMPSPrescaler)
    LL_RCC_SetSysClkSource                   0x080026e1   Thumb Code    30  stm32wbxx_hal_rcc.o(.text.LL_RCC_SetSysClkSource)
    [Anonymous Symbol]                       0x080026e0   Section        0  stm32wbxx_hal_rcc.o(.text.LL_RCC_SetSysClkSource)
    LL_RCC_SetUSARTClockSource               0x08002701   Thumb Code    30  stm32wbxx_hal_rcc_ex.o(.text.LL_RCC_SetUSARTClockSource)
    [Anonymous Symbol]                       0x08002700   Section        0  stm32wbxx_hal_rcc_ex.o(.text.LL_RCC_SetUSARTClockSource)
    LL_RCC_SetUSBClockSource                 0x08002721   Thumb Code    20  stm32wbxx_hal_rcc_ex.o(.text.LL_RCC_SetUSBClockSource)
    [Anonymous Symbol]                       0x08002720   Section        0  stm32wbxx_hal_rcc_ex.o(.text.LL_RCC_SetUSBClockSource)
    [Anonymous Symbol]                       0x08002734   Section        0  gpio.o(.text.MX_GPIO_Init)
    [Anonymous Symbol]                       0x08002780   Section        0  rtc.o(.text.MX_RTC_Init)
    [Anonymous Symbol]                       0x080027bc   Section        0  stm32wbxx_it.o(.text.MemManage_Handler)
    [Anonymous Symbol]                       0x080027c0   Section        0  stm32wbxx_it.o(.text.NMI_Handler)
    NVIC_EncodePriority                      0x080027c5   Thumb Code   128  stm32wbxx_hal_cortex.o(.text.NVIC_EncodePriority)
    [Anonymous Symbol]                       0x080027c4   Section        0  stm32wbxx_hal_cortex.o(.text.NVIC_EncodePriority)
    [Anonymous Symbol]                       0x08002844   Section        0  stm32wbxx_it.o(.text.PendSV_Handler)
    [Anonymous Symbol]                       0x08002848   Section        0  main.o(.text.PeriphCommonClock_Config)
    RCCEx_PLLSAI1_ConfigNP                   0x0800287d   Thumb Code   200  stm32wbxx_hal_rcc_ex.o(.text.RCCEx_PLLSAI1_ConfigNP)
    [Anonymous Symbol]                       0x0800287c   Section        0  stm32wbxx_hal_rcc_ex.o(.text.RCCEx_PLLSAI1_ConfigNP)
    RCCEx_PLLSAI1_ConfigNQ                   0x08002945   Thumb Code   200  stm32wbxx_hal_rcc_ex.o(.text.RCCEx_PLLSAI1_ConfigNQ)
    [Anonymous Symbol]                       0x08002944   Section        0  stm32wbxx_hal_rcc_ex.o(.text.RCCEx_PLLSAI1_ConfigNQ)
    RCCEx_PLLSAI1_ConfigNR                   0x08002a0d   Thumb Code   200  stm32wbxx_hal_rcc_ex.o(.text.RCCEx_PLLSAI1_ConfigNR)
    [Anonymous Symbol]                       0x08002a0c   Section        0  stm32wbxx_hal_rcc_ex.o(.text.RCCEx_PLLSAI1_ConfigNR)
    RCC_SetFlashLatency                      0x08002ad5   Thumb Code   320  stm32wbxx_hal_rcc.o(.text.RCC_SetFlashLatency)
    [Anonymous Symbol]                       0x08002ad4   Section        0  stm32wbxx_hal_rcc.o(.text.RCC_SetFlashLatency)
    RCC_SetFlashLatencyFromMSIRange          0x08002c15   Thumb Code   138  stm32wbxx_hal_rcc.o(.text.RCC_SetFlashLatencyFromMSIRange)
    [Anonymous Symbol]                       0x08002c14   Section        0  stm32wbxx_hal_rcc.o(.text.RCC_SetFlashLatencyFromMSIRange)
    [Anonymous Symbol]                       0x08002ca0   Section        0  stm32wbxx_hal_rtc.o(.text.RTC_EnterInitMode)
    [Anonymous Symbol]                       0x08002d30   Section        0  stm32wbxx_hal_rtc.o(.text.RTC_ExitInitMode)
    [Anonymous Symbol]                       0x08002d80   Section        0  main.o(.text.RTC_WKUP_IRQHandler)
    [Anonymous Symbol]                       0x08002d90   Section        0  stm32wbxx_it.o(.text.SVC_Handler)
    SysTick_Config                           0x08002d95   Thumb Code    90  stm32wbxx_hal_cortex.o(.text.SysTick_Config)
    [Anonymous Symbol]                       0x08002d94   Section        0  stm32wbxx_hal_cortex.o(.text.SysTick_Config)
    [Anonymous Symbol]                       0x08002df0   Section        0  stm32wbxx_it.o(.text.SysTick_Handler)
    [Anonymous Symbol]                       0x08002df8   Section        0  main.o(.text.SystemClock_Config)
    [Anonymous Symbol]                       0x08002eb4   Section        0  system_stm32wbxx.o(.text.SystemInit)
    [Anonymous Symbol]                       0x08002f34   Section        0  stm32wbxx_it.o(.text.UsageFault_Handler)
    __NVIC_EnableIRQ                         0x08002f39   Thumb Code    54  stm32wbxx_hal_cortex.o(.text.__NVIC_EnableIRQ)
    [Anonymous Symbol]                       0x08002f38   Section        0  stm32wbxx_hal_cortex.o(.text.__NVIC_EnableIRQ)
    __NVIC_GetPriorityGrouping               0x08002f71   Thumb Code    16  stm32wbxx_hal_cortex.o(.text.__NVIC_GetPriorityGrouping)
    [Anonymous Symbol]                       0x08002f70   Section        0  stm32wbxx_hal_cortex.o(.text.__NVIC_GetPriorityGrouping)
    __NVIC_SetPriority                       0x08002f81   Thumb Code    74  stm32wbxx_hal_cortex.o(.text.__NVIC_SetPriority)
    [Anonymous Symbol]                       0x08002f80   Section        0  stm32wbxx_hal_cortex.o(.text.__NVIC_SetPriority)
    __NVIC_SetPriorityGrouping               0x08002fcd   Thumb Code    64  stm32wbxx_hal_cortex.o(.text.__NVIC_SetPriorityGrouping)
    [Anonymous Symbol]                       0x08002fcc   Section        0  stm32wbxx_hal_cortex.o(.text.__NVIC_SetPriorityGrouping)
    [Anonymous Symbol]                       0x0800300c   Section        0  main.o(.text.main)
    i.__scatterload_copy                     0x0800306a   Section       14  handlers.o(i.__scatterload_copy)
    i.__scatterload_null                     0x08003078   Section        2  handlers.o(i.__scatterload_null)
    i.__scatterload_zeroinit                 0x0800307a   Section       14  handlers.o(i.__scatterload_zeroinit)
    .L__const.RCC_SetFlashLatency.FLASH_CLK_SRC_RANGE_VOS2 0x08003088   Data          12  stm32wbxx_hal_rcc.o(.rodata..L__const.RCC_SetFlashLatency.FLASH_CLK_SRC_RANGE_VOS2)
    .L__const.RCC_SetFlashLatency.FLASH_CLK_SRC_RANGE_VOS1 0x08003114   Data          16  stm32wbxx_hal_rcc.o(.rodata.cst16)
    .L__const.RCC_SetFlashLatency.FLASH_LATENCY_RANGE 0x08003124   Data          16  stm32wbxx_hal_rcc.o(.rodata.cst16)
    .L.str                                   0x08003134   Data           6  main.o(.rodata.str1.1)
    [Anonymous Symbol]                       0x08003134   Section        0  main.o(.rodata.str1.1)
    STACK                                    0x20000048   Section     1024  startup_stm32wb55xx_cm4.o(STACK)

    Global Symbols

    Symbol Name                              Value     Ov Type        Size  Object(Section)

    BuildAttributes$$THM_ISAv4$E$P$D$K$B$S$7EM$VFPi3$EXTD16$VFPS$VFMA$PE$A:L22UL41UL21$X:L11$S22US41US21$IEEE1$IW$~IW$USESV6$~STKCKD$USESV7$~SHL$OSPACE$EBA8$MICROLIB$REQ8$PRES8$EABIv2 0x00000000   Number         0  anon$$obj.o ABSOLUTE
    __cpp_initialize__aeabi_                  - Undefined Weak Reference
    __cxa_finalize                            - Undefined Weak Reference
    __decompress                              - Undefined Weak Reference
    _clock_init                               - Undefined Weak Reference
    _microlib_exit                            - Undefined Weak Reference
    __Vectors_Size                           0x0000013c   Number         0  startup_stm32wb55xx_cm4.o ABSOLUTE
    __Vectors                                0x08000000   Data           4  startup_stm32wb55xx_cm4.o(RESET)
    __Vectors_End                            0x0800013c   Data           0  startup_stm32wb55xx_cm4.o(RESET)
    __main                                   0x0800013d   Thumb Code     0  entry.o(.ARM.Collect$$$$00000000)
    _main_stk                                0x0800013d   Thumb Code     0  entry2.o(.ARM.Collect$$$$00000001)
    _main_scatterload                        0x08000141   Thumb Code     0  entry5.o(.ARM.Collect$$$$00000004)
    __main_after_scatterload                 0x08000145   Thumb Code     0  entry5.o(.ARM.Collect$$$$00000004)
    _main_clock                              0x08000145   Thumb Code     0  entry7b.o(.ARM.Collect$$$$00000008)
    _main_cpp_init                           0x08000145   Thumb Code     0  entry8b.o(.ARM.Collect$$$$0000000A)
    _main_init                               0x08000145   Thumb Code     0  entry9a.o(.ARM.Collect$$$$0000000B)
    __rt_final_cpp                           0x0800014d   Thumb Code     0  entry10a.o(.ARM.Collect$$$$0000000D)
    __rt_final_exit                          0x0800014d   Thumb Code     0  entry11a.o(.ARM.Collect$$$$0000000F)
    Reset_Handler                            0x08000151   Thumb Code     8  startup_stm32wb55xx_cm4.o(.text)
    ADC1_IRQHandler                          0x0800016b   Thumb Code     0  startup_stm32wb55xx_cm4.o(.text)
    AES1_IRQHandler                          0x0800016b   Thumb Code     0  startup_stm32wb55xx_cm4.o(.text)
    AES2_IRQHandler                          0x0800016b   Thumb Code     0  startup_stm32wb55xx_cm4.o(.text)
    C2SEV_PWR_C2H_IRQHandler                 0x0800016b   Thumb Code     0  startup_stm32wb55xx_cm4.o(.text)
    COMP_IRQHandler                          0x0800016b   Thumb Code     0  startup_stm32wb55xx_cm4.o(.text)
    CRS_IRQHandler                           0x0800016b   Thumb Code     0  startup_stm32wb55xx_cm4.o(.text)
    DMA1_Channel1_IRQHandler                 0x0800016b   Thumb Code     0  startup_stm32wb55xx_cm4.o(.text)
    DMA1_Channel2_IRQHandler                 0x0800016b   Thumb Code     0  startup_stm32wb55xx_cm4.o(.text)
    DMA1_Channel3_IRQHandler                 0x0800016b   Thumb Code     0  startup_stm32wb55xx_cm4.o(.text)
    DMA1_Channel4_IRQHandler                 0x0800016b   Thumb Code     0  startup_stm32wb55xx_cm4.o(.text)
    DMA1_Channel5_IRQHandler                 0x0800016b   Thumb Code     0  startup_stm32wb55xx_cm4.o(.text)
    DMA1_Channel6_IRQHandler                 0x0800016b   Thumb Code     0  startup_stm32wb55xx_cm4.o(.text)
    DMA1_Channel7_IRQHandler                 0x0800016b   Thumb Code     0  startup_stm32wb55xx_cm4.o(.text)
    DMA2_Channel1_IRQHandler                 0x0800016b   Thumb Code     0  startup_stm32wb55xx_cm4.o(.text)
    DMA2_Channel2_IRQHandler                 0x0800016b   Thumb Code     0  startup_stm32wb55xx_cm4.o(.text)
    DMA2_Channel3_IRQHandler                 0x0800016b   Thumb Code     0  startup_stm32wb55xx_cm4.o(.text)
    DMA2_Channel4_IRQHandler                 0x0800016b   Thumb Code     0  startup_stm32wb55xx_cm4.o(.text)
    DMA2_Channel5_IRQHandler                 0x0800016b   Thumb Code     0  startup_stm32wb55xx_cm4.o(.text)
    DMA2_Channel6_IRQHandler                 0x0800016b   Thumb Code     0  startup_stm32wb55xx_cm4.o(.text)
    DMA2_Channel7_IRQHandler                 0x0800016b   Thumb Code     0  startup_stm32wb55xx_cm4.o(.text)
    DMAMUX1_OVR_IRQHandler                   0x0800016b   Thumb Code     0  startup_stm32wb55xx_cm4.o(.text)
    EXTI0_IRQHandler                         0x0800016b   Thumb Code     0  startup_stm32wb55xx_cm4.o(.text)
    EXTI15_10_IRQHandler                     0x0800016b   Thumb Code     0  startup_stm32wb55xx_cm4.o(.text)
    EXTI1_IRQHandler                         0x0800016b   Thumb Code     0  startup_stm32wb55xx_cm4.o(.text)
    EXTI2_IRQHandler                         0x0800016b   Thumb Code     0  startup_stm32wb55xx_cm4.o(.text)
    EXTI3_IRQHandler                         0x0800016b   Thumb Code     0  startup_stm32wb55xx_cm4.o(.text)
    EXTI4_IRQHandler                         0x0800016b   Thumb Code     0  startup_stm32wb55xx_cm4.o(.text)
    EXTI9_5_IRQHandler                       0x0800016b   Thumb Code     0  startup_stm32wb55xx_cm4.o(.text)
    FLASH_IRQHandler                         0x0800016b   Thumb Code     0  startup_stm32wb55xx_cm4.o(.text)
    FPU_IRQHandler                           0x0800016b   Thumb Code     0  startup_stm32wb55xx_cm4.o(.text)
    HSEM_IRQHandler                          0x0800016b   Thumb Code     0  startup_stm32wb55xx_cm4.o(.text)
    I2C1_ER_IRQHandler                       0x0800016b   Thumb Code     0  startup_stm32wb55xx_cm4.o(.text)
    I2C1_EV_IRQHandler                       0x0800016b   Thumb Code     0  startup_stm32wb55xx_cm4.o(.text)
    I2C3_ER_IRQHandler                       0x0800016b   Thumb Code     0  startup_stm32wb55xx_cm4.o(.text)
    I2C3_EV_IRQHandler                       0x0800016b   Thumb Code     0  startup_stm32wb55xx_cm4.o(.text)
    IPCC_C1_RX_IRQHandler                    0x0800016b   Thumb Code     0  startup_stm32wb55xx_cm4.o(.text)
    IPCC_C1_TX_IRQHandler                    0x0800016b   Thumb Code     0  startup_stm32wb55xx_cm4.o(.text)
    LCD_IRQHandler                           0x0800016b   Thumb Code     0  startup_stm32wb55xx_cm4.o(.text)
    LPTIM1_IRQHandler                        0x0800016b   Thumb Code     0  startup_stm32wb55xx_cm4.o(.text)
    LPTIM2_IRQHandler                        0x0800016b   Thumb Code     0  startup_stm32wb55xx_cm4.o(.text)
    LPUART1_IRQHandler                       0x0800016b   Thumb Code     0  startup_stm32wb55xx_cm4.o(.text)
    PKA_IRQHandler                           0x0800016b   Thumb Code     0  startup_stm32wb55xx_cm4.o(.text)
    PVD_PVM_IRQHandler                       0x0800016b   Thumb Code     0  startup_stm32wb55xx_cm4.o(.text)
    PWR_SOTF_BLEACT_802ACT_RFPHASE_IRQHandler 0x0800016b   Thumb Code     0  startup_stm32wb55xx_cm4.o(.text)
    QUADSPI_IRQHandler                       0x0800016b   Thumb Code     0  startup_stm32wb55xx_cm4.o(.text)
    RCC_IRQHandler                           0x0800016b   Thumb Code     0  startup_stm32wb55xx_cm4.o(.text)
    RNG_IRQHandler                           0x0800016b   Thumb Code     0  startup_stm32wb55xx_cm4.o(.text)
    RTC_Alarm_IRQHandler                     0x0800016b   Thumb Code     0  startup_stm32wb55xx_cm4.o(.text)
    SAI1_IRQHandler                          0x0800016b   Thumb Code     0  startup_stm32wb55xx_cm4.o(.text)
    SPI1_IRQHandler                          0x0800016b   Thumb Code     0  startup_stm32wb55xx_cm4.o(.text)
    SPI2_IRQHandler                          0x0800016b   Thumb Code     0  startup_stm32wb55xx_cm4.o(.text)
    TAMP_STAMP_LSECSS_IRQHandler             0x0800016b   Thumb Code     0  startup_stm32wb55xx_cm4.o(.text)
    TIM1_BRK_IRQHandler                      0x0800016b   Thumb Code     0  startup_stm32wb55xx_cm4.o(.text)
    TIM1_CC_IRQHandler                       0x0800016b   Thumb Code     0  startup_stm32wb55xx_cm4.o(.text)
    TIM1_TRG_COM_TIM17_IRQHandler            0x0800016b   Thumb Code     0  startup_stm32wb55xx_cm4.o(.text)
    TIM1_UP_TIM16_IRQHandler                 0x0800016b   Thumb Code     0  startup_stm32wb55xx_cm4.o(.text)
    TIM2_IRQHandler                          0x0800016b   Thumb Code     0  startup_stm32wb55xx_cm4.o(.text)
    TSC_IRQHandler                           0x0800016b   Thumb Code     0  startup_stm32wb55xx_cm4.o(.text)
    USART1_IRQHandler                        0x0800016b   Thumb Code     0  startup_stm32wb55xx_cm4.o(.text)
    USB_HP_IRQHandler                        0x0800016b   Thumb Code     0  startup_stm32wb55xx_cm4.o(.text)
    USB_LP_IRQHandler                        0x0800016b   Thumb Code     0  startup_stm32wb55xx_cm4.o(.text)
    WWDG_IRQHandler                          0x0800016b   Thumb Code     0  startup_stm32wb55xx_cm4.o(.text)
    __aeabi_memset                           0x08000175   Thumb Code    14  memseta.o(.text)
    __aeabi_memset4                          0x08000175   Thumb Code     0  memseta.o(.text)
    __aeabi_memset8                          0x08000175   Thumb Code     0  memseta.o(.text)
    __aeabi_memclr                           0x08000183   Thumb Code     4  memseta.o(.text)
    __aeabi_memclr4                          0x08000183   Thumb Code     0  memseta.o(.text)
    __aeabi_memclr8                          0x08000183   Thumb Code     0  memseta.o(.text)
    _memset$wrapper                          0x08000187   Thumb Code    18  memseta.o(.text)
    __scatterload                            0x08000199   Thumb Code    28  init.o(.text)
    __scatterload_rt2                        0x08000199   Thumb Code     0  init.o(.text)
    BusFault_Handler                         0x080001bd   Thumb Code     4  stm32wbxx_it.o(.text.BusFault_Handler)
    DebugMon_Handler                         0x080001c1   Thumb Code     2  stm32wbxx_it.o(.text.DebugMon_Handler)
    Delay_ns                                 0x080001c5   Thumb Code    30  iic3.o(.text.Delay_ns)
    Error_Handler                            0x0800028d   Thumb Code    14  main.o(.text.Error_Handler)
    HAL_GPIO_Init                            0x0800029d   Thumb Code   834  stm32wbxx_hal_gpio.o(.text.HAL_GPIO_Init)
    HAL_GPIO_ReadPin                         0x080005e1   Thumb Code    54  stm32wbxx_hal_gpio.o(.text.HAL_GPIO_ReadPin)
    HAL_GPIO_WritePin                        0x08000619   Thumb Code    64  stm32wbxx_hal_gpio.o(.text.HAL_GPIO_WritePin)
    HAL_GetTick                              0x08000659   Thumb Code    12  stm32wbxx_hal.o(.text.HAL_GetTick)
    HAL_GetTickPrio                          0x08000665   Thumb Code    12  stm32wbxx_hal.o(.text.HAL_GetTickPrio)
    HAL_IncTick                              0x08000671   Thumb Code    26  stm32wbxx_hal.o(.text.HAL_IncTick)
    HAL_Init                                 0x0800068d   Thumb Code    66  stm32wbxx_hal.o(.text.HAL_Init)
    HAL_InitTick                             0x080006d1   Thumb Code   140  stm32wbxx_hal.o(.text.HAL_InitTick)
    HAL_MspInit                              0x0800075d   Thumb Code     2  stm32wbxx_hal_msp.o(.text.HAL_MspInit)
    HAL_NVIC_EnableIRQ                       0x08000761   Thumb Code    24  stm32wbxx_hal_cortex.o(.text.HAL_NVIC_EnableIRQ)
    HAL_NVIC_SetPriority                     0x08000779   Thumb Code    72  stm32wbxx_hal_cortex.o(.text.HAL_NVIC_SetPriority)
    HAL_NVIC_SetPriorityGrouping             0x080007c1   Thumb Code    20  stm32wbxx_hal_cortex.o(.text.HAL_NVIC_SetPriorityGrouping)
    HAL_PWREx_EnterSTOP2Mode                 0x080007d5   Thumb Code    86  stm32wbxx_hal_pwr_ex.o(.text.HAL_PWREx_EnterSTOP2Mode)
    HAL_PWREx_GetVoltageRange                0x0800082d   Thumb Code    16  stm32wbxx_hal_pwr_ex.o(.text.HAL_PWREx_GetVoltageRange)
    HAL_PWR_EnableBkUpAccess                 0x0800083d   Thumb Code    18  stm32wbxx_hal_pwr.o(.text.HAL_PWR_EnableBkUpAccess)
    HAL_RCCEx_PeriphCLKConfig                0x08000851   Thumb Code   832  stm32wbxx_hal_rcc_ex.o(.text.HAL_RCCEx_PeriphCLKConfig)
    HAL_RCC_ClockConfig                      0x08000b91   Thumb Code   812  stm32wbxx_hal_rcc.o(.text.HAL_RCC_ClockConfig)
    HAL_RCC_GetHCLKFreq                      0x08000ebd   Thumb Code    44  stm32wbxx_hal_rcc.o(.text.HAL_RCC_GetHCLKFreq)
    HAL_RCC_GetSysClockFreq                  0x08000ee9   Thumb Code   290  stm32wbxx_hal_rcc.o(.text.HAL_RCC_GetSysClockFreq)
    HAL_RCC_OscConfig                        0x0800100d   Thumb Code  2168  stm32wbxx_hal_rcc.o(.text.HAL_RCC_OscConfig)
    HAL_RTCEx_DeactivateWakeUpTimer          0x08001885   Thumb Code   238  stm32wbxx_hal_rtc_ex.o(.text.HAL_RTCEx_DeactivateWakeUpTimer)
    HAL_RTCEx_SetWakeUpTimer_IT              0x08001975   Thumb Code   500  stm32wbxx_hal_rtc_ex.o(.text.HAL_RTCEx_SetWakeUpTimer_IT)
    HAL_RTCEx_WakeUpTimerEventCallback       0x08001b69   Thumb Code    24  main.o(.text.HAL_RTCEx_WakeUpTimerEventCallback)
    HAL_RTCEx_WakeUpTimerIRQHandler          0x08001b81   Thumb Code    84  stm32wbxx_hal_rtc_ex.o(.text.HAL_RTCEx_WakeUpTimerIRQHandler)
    HAL_RTC_Init                             0x08001bd5   Thumb Code   294  stm32wbxx_hal_rtc.o(.text.HAL_RTC_Init)
    HAL_RTC_MspInit                          0x08001cfd   Thumb Code    86  rtc.o(.text.HAL_RTC_MspInit)
    HAL_RTC_WaitForSynchro                   0x08001d55   Thumb Code    96  stm32wbxx_hal_rtc.o(.text.HAL_RTC_WaitForSynchro)
    HAL_ResumeTick                           0x08001db5   Thumb Code    18  stm32wbxx_hal.o(.text.HAL_ResumeTick)
    HAL_SYSTICK_Config                       0x08001dc9   Thumb Code    20  stm32wbxx_hal_cortex.o(.text.HAL_SYSTICK_Config)
    HAL_SuspendTick                          0x08001ddd   Thumb Code    18  stm32wbxx_hal.o(.text.HAL_SuspendTick)
    HardFault_Handler                        0x08001df1   Thumb Code     4  stm32wbxx_it.o(.text.HardFault_Handler)
    IIC3_Init                                0x08001df5   Thumb Code    88  iic3.o(.text.IIC3_Init)
    IIC3_Receive_ack                         0x08001e4d   Thumb Code    90  iic3.o(.text.IIC3_Receive_ack)
    IIC3_Send_byte                           0x08001ea9   Thumb Code   170  iic3.o(.text.IIC3_Send_byte)
    IIC3_Start                               0x08001f55   Thumb Code   100  iic3.o(.text.IIC3_Start)
    IIC3_Stop                                0x08001fb9   Thumb Code    68  iic3.o(.text.IIC3_Stop)
    IIC3_Transmit                            0x08001ffd   Thumb Code   166  iic3.o(.text.IIC3_Transmit)
    MX_GPIO_Init                             0x08002735   Thumb Code    76  gpio.o(.text.MX_GPIO_Init)
    MX_RTC_Init                              0x08002781   Thumb Code    58  rtc.o(.text.MX_RTC_Init)
    MemManage_Handler                        0x080027bd   Thumb Code     4  stm32wbxx_it.o(.text.MemManage_Handler)
    NMI_Handler                              0x080027c1   Thumb Code     4  stm32wbxx_it.o(.text.NMI_Handler)
    PendSV_Handler                           0x08002845   Thumb Code     2  stm32wbxx_it.o(.text.PendSV_Handler)
    PeriphCommonClock_Config                 0x08002849   Thumb Code    50  main.o(.text.PeriphCommonClock_Config)
    RTC_EnterInitMode                        0x08002ca1   Thumb Code   142  stm32wbxx_hal_rtc.o(.text.RTC_EnterInitMode)
    RTC_ExitInitMode                         0x08002d31   Thumb Code    80  stm32wbxx_hal_rtc.o(.text.RTC_ExitInitMode)
    RTC_WKUP_IRQHandler                      0x08002d81   Thumb Code    16  main.o(.text.RTC_WKUP_IRQHandler)
    SVC_Handler                              0x08002d91   Thumb Code     2  stm32wbxx_it.o(.text.SVC_Handler)
    SysTick_Handler                          0x08002df1   Thumb Code     8  stm32wbxx_it.o(.text.SysTick_Handler)
    SystemClock_Config                       0x08002df9   Thumb Code   186  main.o(.text.SystemClock_Config)
    SystemInit                               0x08002eb5   Thumb Code   126  system_stm32wbxx.o(.text.SystemInit)
    UsageFault_Handler                       0x08002f35   Thumb Code     4  stm32wbxx_it.o(.text.UsageFault_Handler)
    main                                     0x0800300d   Thumb Code    94  main.o(.text.main)
    __scatterload_copy                       0x0800306b   Thumb Code    14  handlers.o(i.__scatterload_copy)
    __scatterload_null                       0x08003079   Thumb Code     2  handlers.o(i.__scatterload_null)
    __scatterload_zeroinit                   0x0800307b   Thumb Code    14  handlers.o(i.__scatterload_zeroinit)
    AHBPrescTable                            0x08003094   Data          64  system_stm32wbxx.o(.rodata.AHBPrescTable)
    MSIRangeTable                            0x080030d4   Data          64  system_stm32wbxx.o(.rodata.MSIRangeTable)
    Region$$Table$$Base                      0x0800313c   Number         0  anon$$obj.o(Region$$Table)
    Region$$Table$$Limit                     0x0800315c   Number         0  anon$$obj.o(Region$$Table)
    SystemCoreClock                          0x20000008   Data           4  system_stm32wbxx.o(.data.SystemCoreClock)
    uwTickFreq                               0x2000000c   Data           1  stm32wbxx_hal.o(.data.uwTickFreq)
    uwTickPrio                               0x20000010   Data           4  stm32wbxx_hal.o(.data.uwTickPrio)
    g_rtc_wakeup_flag                        0x20000018   Data           1  main.o(.bss.g_rtc_wakeup_flag)
    hrtc                                     0x2000001c   Data          36  rtc.o(.bss.hrtc)
    uwTick                                   0x20000040   Data           4  stm32wbxx_hal.o(.bss.uwTick)
    __initial_sp                             0x20000448   Data           0  startup_stm32wb55xx_cm4.o(STACK)



==============================================================================

Memory Map of the image

  Image Entry point : 0x0800013d

  Load Region LR_IROM1 (Base: 0x08000000, Size: 0x00003170, Max: 0x00080000, ABSOLUTE)

    Execution Region ER_IROM1 (Exec base: 0x08000000, Load base: 0x08000000, Size: 0x0000315c, Max: 0x00080000, ABSOLUTE)

    Exec Addr    Load Addr    Size         Type   Attr      Idx    E Section Name        Object

    0x08000000   0x08000000   0x0000013c   Data   RO            3    RESET               startup_stm32wb55xx_cm4.o
    0x0800013c   0x0800013c   0x00000000   Code   RO         1349  * .ARM.Collect$$$$00000000  mc_w.l(entry.o)
    0x0800013c   0x0800013c   0x00000004   Code   RO         1354    .ARM.Collect$$$$00000001  mc_w.l(entry2.o)
    0x08000140   0x08000140   0x00000004   Code   RO         1357    .ARM.Collect$$$$00000004  mc_w.l(entry5.o)
    0x08000144   0x08000144   0x00000000   Code   RO         1359    .ARM.Collect$$$$00000008  mc_w.l(entry7b.o)
    0x08000144   0x08000144   0x00000000   Code   RO         1361    .ARM.Collect$$$$0000000A  mc_w.l(entry8b.o)
    0x08000144   0x08000144   0x00000008   Code   RO         1362    .ARM.Collect$$$$0000000B  mc_w.l(entry9a.o)
    0x0800014c   0x0800014c   0x00000000   Code   RO         1364    .ARM.Collect$$$$0000000D  mc_w.l(entry10a.o)
    0x0800014c   0x0800014c   0x00000000   Code   RO         1366    .ARM.Collect$$$$0000000F  mc_w.l(entry11a.o)
    0x0800014c   0x0800014c   0x00000004   Code   RO         1355    .ARM.Collect$$$$00002712  mc_w.l(entry2.o)
    0x08000150   0x08000150   0x00000024   Code   RO            4    .text               startup_stm32wb55xx_cm4.o
    0x08000174   0x08000174   0x00000024   Code   RO         1352    .text               mc_w.l(memseta.o)
    0x08000198   0x08000198   0x00000024   Code   RO         1368    .text               mc_w.l(init.o)
    0x080001bc   0x080001bc   0x00000004   Code   RO           78    .text.BusFault_Handler  stm32wbxx_it.o
    0x080001c0   0x080001c0   0x00000002   Code   RO           84    .text.DebugMon_Handler  stm32wbxx_it.o
    0x080001c2   0x080001c2   0x00000002   PAD
    0x080001c4   0x080001c4   0x0000001e   Code   RO          107    .text.Delay_ns      iic3.o
    0x080001e2   0x080001e2   0x00000002   PAD
    0x080001e4   0x080001e4   0x000000a8   Code   RO           17    .text.EnterStop2_ForSeconds  main.o
    0x0800028c   0x0800028c   0x0000000e   Code   RO           21    .text.Error_Handler  main.o
    0x0800029a   0x0800029a   0x00000002   PAD
    0x0800029c   0x0800029c   0x00000342   Code   RO          627    .text.HAL_GPIO_Init  stm32wbxx_hal_gpio.o
    0x080005de   0x080005de   0x00000002   PAD
    0x080005e0   0x080005e0   0x00000036   Code   RO          631    .text.HAL_GPIO_ReadPin  stm32wbxx_hal_gpio.o
    0x08000616   0x08000616   0x00000002   PAD
    0x08000618   0x08000618   0x00000040   Code   RO          633    .text.HAL_GPIO_WritePin  stm32wbxx_hal_gpio.o
    0x08000658   0x08000658   0x0000000c   Code   RO         1040    .text.HAL_GetTick   stm32wbxx_hal.o
    0x08000664   0x08000664   0x0000000c   Code   RO         1042    .text.HAL_GetTickPrio  stm32wbxx_hal.o
    0x08000670   0x08000670   0x0000001a   Code   RO         1038    .text.HAL_IncTick   stm32wbxx_hal.o
    0x0800068a   0x0800068a   0x00000002   PAD
    0x0800068c   0x0800068c   0x00000042   Code   RO         1000    .text.HAL_Init      stm32wbxx_hal.o
    0x080006ce   0x080006ce   0x00000002   PAD
    0x080006d0   0x080006d0   0x0000008c   Code   RO         1002    .text.HAL_InitTick  stm32wbxx_hal.o
    0x0800075c   0x0800075c   0x00000002   Code   RO           98    .text.HAL_MspInit   stm32wbxx_hal_msp.o
    0x0800075e   0x0800075e   0x00000002   PAD
    0x08000760   0x08000760   0x00000018   Code   RO          940    .text.HAL_NVIC_EnableIRQ  stm32wbxx_hal_cortex.o
    0x08000778   0x08000778   0x00000048   Code   RO          932    .text.HAL_NVIC_SetPriority  stm32wbxx_hal_cortex.o
    0x080007c0   0x080007c0   0x00000014   Code   RO          928    .text.HAL_NVIC_SetPriorityGrouping  stm32wbxx_hal_cortex.o
    0x080007d4   0x080007d4   0x00000056   Code   RO          902    .text.HAL_PWREx_EnterSTOP2Mode  stm32wbxx_hal_pwr_ex.o
    0x0800082a   0x0800082a   0x00000002   PAD
    0x0800082c   0x0800082c   0x00000010   Code   RO          764    .text.HAL_PWREx_GetVoltageRange  stm32wbxx_hal_pwr_ex.o
    0x0800083c   0x0800083c   0x00000012   Code   RO          712    .text.HAL_PWR_EnableBkUpAccess  stm32wbxx_hal_pwr.o
    0x0800084e   0x0800084e   0x00000002   PAD
    0x08000850   0x08000850   0x00000340   Code   RO          300    .text.HAL_RCCEx_PeriphCLKConfig  stm32wbxx_hal_rcc_ex.o
    0x08000b90   0x08000b90   0x0000032c   Code   RO          217    .text.HAL_RCC_ClockConfig  stm32wbxx_hal_rcc.o
    0x08000ebc   0x08000ebc   0x0000002c   Code   RO          167    .text.HAL_RCC_GetHCLKFreq  stm32wbxx_hal_rcc.o
    0x08000ee8   0x08000ee8   0x00000122   Code   RO          245    .text.HAL_RCC_GetSysClockFreq  stm32wbxx_hal_rcc.o
    0x0800100a   0x0800100a   0x00000002   PAD
    0x0800100c   0x0800100c   0x00000878   Code   RO          157    .text.HAL_RCC_OscConfig  stm32wbxx_hal_rcc.o
    0x08001884   0x08001884   0x000000ee   Code   RO         1291    .text.HAL_RTCEx_DeactivateWakeUpTimer  stm32wbxx_hal_rtc_ex.o
    0x08001972   0x08001972   0x00000002   PAD
    0x08001974   0x08001974   0x000001f4   Code   RO         1289    .text.HAL_RTCEx_SetWakeUpTimer_IT  stm32wbxx_hal_rtc_ex.o
    0x08001b68   0x08001b68   0x00000018   Code   RO           25    .text.HAL_RTCEx_WakeUpTimerEventCallback  main.o
    0x08001b80   0x08001b80   0x00000054   Code   RO         1295    .text.HAL_RTCEx_WakeUpTimerIRQHandler  stm32wbxx_hal_rtc_ex.o
    0x08001bd4   0x08001bd4   0x00000126   Code   RO         1191    .text.HAL_RTC_Init  stm32wbxx_hal_rtc.o
    0x08001cfa   0x08001cfa   0x00000002   PAD
    0x08001cfc   0x08001cfc   0x00000056   Code   RO           51    .text.HAL_RTC_MspInit  rtc.o
    0x08001d52   0x08001d52   0x00000002   PAD
    0x08001d54   0x08001d54   0x00000060   Code   RO         1229    .text.HAL_RTC_WaitForSynchro  stm32wbxx_hal_rtc.o
    0x08001db4   0x08001db4   0x00000012   Code   RO         1052    .text.HAL_ResumeTick  stm32wbxx_hal.o
    0x08001dc6   0x08001dc6   0x00000002   PAD
    0x08001dc8   0x08001dc8   0x00000014   Code   RO          952    .text.HAL_SYSTICK_Config  stm32wbxx_hal_cortex.o
    0x08001ddc   0x08001ddc   0x00000012   Code   RO         1050    .text.HAL_SuspendTick  stm32wbxx_hal.o
    0x08001dee   0x08001dee   0x00000002   PAD
    0x08001df0   0x08001df0   0x00000004   Code   RO           74    .text.HardFault_Handler  stm32wbxx_it.o
    0x08001df4   0x08001df4   0x00000058   Code   RO          109    .text.IIC3_Init     iic3.o
    0x08001e4c   0x08001e4c   0x0000005a   Code   RO          121    .text.IIC3_Receive_ack  iic3.o
    0x08001ea6   0x08001ea6   0x00000002   PAD
    0x08001ea8   0x08001ea8   0x000000aa   Code   RO          123    .text.IIC3_Send_byte  iic3.o
    0x08001f52   0x08001f52   0x00000002   PAD
    0x08001f54   0x08001f54   0x00000064   Code   RO          113    .text.IIC3_Start    iic3.o
    0x08001fb8   0x08001fb8   0x00000044   Code   RO          115    .text.IIC3_Stop     iic3.o
    0x08001ffc   0x08001ffc   0x000000a6   Code   RO          127    .text.IIC3_Transmit  iic3.o
    0x080020a2   0x080020a2   0x00000002   PAD
    0x080020a4   0x080020a4   0x00000026   Code   RO           39    .text.LL_AHB2_GRP1_EnableClock  gpio.o
    0x080020ca   0x080020ca   0x00000002   PAD
    0x080020cc   0x080020cc   0x00000026   Code   RO          111    .text.LL_AHB2_GRP1_EnableClock  iic3.o
    0x080020f2   0x080020f2   0x00000002   PAD
    0x080020f4   0x080020f4   0x00000026   Code   RO           55    .text.LL_APB1_GRP1_EnableClock  rtc.o
    0x0800211a   0x0800211a   0x00000002   PAD
    0x0800211c   0x0800211c   0x00000020   Code   RO          223    .text.LL_C2_RCC_SetAHBPrescaler  stm32wbxx_hal_rcc.o
    0x0800213c   0x0800213c   0x00000010   Code   RO           53    .text.LL_RCC_EnableRTC  rtc.o
    0x0800214c   0x0800214c   0x00000010   Code   RO          310    .text.LL_RCC_ForceBackupDomainReset  stm32wbxx_hal_rcc_ex.o
    0x0800215c   0x0800215c   0x00000012   Code   RO          263    .text.LL_RCC_GetAHB4Prescaler  stm32wbxx_hal_rcc.o
    0x0800216e   0x0800216e   0x00000002   PAD
    0x08002170   0x08002170   0x0000000e   Code   RO          255    .text.LL_RCC_GetAHBPrescaler  stm32wbxx_hal_rcc.o
    0x0800217e   0x0800217e   0x00000002   PAD
    0x08002180   0x08002180   0x0000000e   Code   RO          306    .text.LL_RCC_GetRTCClockSource  stm32wbxx_hal_rcc_ex.o
    0x0800218e   0x0800218e   0x00000002   PAD
    0x08002190   0x08002190   0x0000000e   Code   RO          159    .text.LL_RCC_GetSysClkSource  stm32wbxx_hal_rcc.o
    0x0800219e   0x0800219e   0x00000002   PAD
    0x080021a0   0x080021a0   0x0000000e   Code   RO          173    .text.LL_RCC_HSE_Disable  stm32wbxx_hal_rcc.o
    0x080021ae   0x080021ae   0x00000002   PAD
    0x080021b0   0x080021b0   0x0000000e   Code   RO          171    .text.LL_RCC_HSE_Enable  stm32wbxx_hal_rcc.o
    0x080021be   0x080021be   0x00000002   PAD
    0x080021c0   0x080021c0   0x0000000c   Code   RO          247    .text.LL_RCC_HSE_IsEnabledDiv2  stm32wbxx_hal_rcc.o
    0x080021cc   0x080021cc   0x0000000c   Code   RO          175    .text.LL_RCC_HSE_IsReady  stm32wbxx_hal_rcc.o
    0x080021d8   0x080021d8   0x00000010   Code   RO          211    .text.LL_RCC_HSI48_Disable  stm32wbxx_hal_rcc.o
    0x080021e8   0x080021e8   0x00000010   Code   RO          207    .text.LL_RCC_HSI48_Enable  stm32wbxx_hal_rcc.o
    0x080021f8   0x080021f8   0x0000000e   Code   RO          209    .text.LL_RCC_HSI48_IsReady  stm32wbxx_hal_rcc.o
    0x08002206   0x08002206   0x00000002   PAD
    0x08002208   0x08002208   0x0000000e   Code   RO          181    .text.LL_RCC_HSI_Disable  stm32wbxx_hal_rcc.o
    0x08002216   0x08002216   0x00000002   PAD
    0x08002218   0x08002218   0x0000000e   Code   RO          177    .text.LL_RCC_HSI_Enable  stm32wbxx_hal_rcc.o
    0x08002226   0x08002226   0x00000002   PAD
    0x08002228   0x08002228   0x0000000c   Code   RO          179    .text.LL_RCC_HSI_IsReady  stm32wbxx_hal_rcc.o
    0x08002234   0x08002234   0x00000020   Code   RO          151    .text.LL_RCC_HSI_SetCalibTrimming  stm32wbxx_hal_rcc.o
    0x08002254   0x08002254   0x00000010   Code   RO          225    .text.LL_RCC_IsActiveFlag_C2HPRE  stm32wbxx_hal_rcc.o
    0x08002264   0x08002264   0x0000000e   Code   RO          221    .text.LL_RCC_IsActiveFlag_HPRE  stm32wbxx_hal_rcc.o
    0x08002272   0x08002272   0x00000002   PAD
    0x08002274   0x08002274   0x0000000e   Code   RO          233    .text.LL_RCC_IsActiveFlag_PPRE1  stm32wbxx_hal_rcc.o
    0x08002282   0x08002282   0x00000002   PAD
    0x08002284   0x08002284   0x0000000e   Code   RO          237    .text.LL_RCC_IsActiveFlag_PPRE2  stm32wbxx_hal_rcc.o
    0x08002292   0x08002292   0x00000002   PAD
    0x08002294   0x08002294   0x00000010   Code   RO          229    .text.LL_RCC_IsActiveFlag_SHDHPRE  stm32wbxx_hal_rcc.o
    0x080022a4   0x080022a4   0x00000010   Code   RO          201    .text.LL_RCC_LSE_Disable  stm32wbxx_hal_rcc.o
    0x080022b4   0x080022b4   0x00000010   Code   RO          203    .text.LL_RCC_LSE_DisableBypass  stm32wbxx_hal_rcc.o
    0x080022c4   0x080022c4   0x00000010   Code   RO          197    .text.LL_RCC_LSE_Enable  stm32wbxx_hal_rcc.o
    0x080022d4   0x080022d4   0x00000010   Code   RO          199    .text.LL_RCC_LSE_EnableBypass  stm32wbxx_hal_rcc.o
    0x080022e4   0x080022e4   0x0000000e   Code   RO          314    .text.LL_RCC_LSE_IsEnabled  stm32wbxx_hal_rcc_ex.o
    0x080022f2   0x080022f2   0x00000002   PAD
    0x080022f4   0x080022f4   0x0000000e   Code   RO          205    .text.LL_RCC_LSE_IsReady  stm32wbxx_hal_rcc.o
    0x08002302   0x08002302   0x00000002   PAD
    0x08002304   0x08002304   0x0000000e   Code   RO          316    .text.LL_RCC_LSE_IsReady  stm32wbxx_hal_rcc_ex.o
    0x08002312   0x08002312   0x00000002   PAD
    0x08002314   0x08002314   0x0000001e   Code   RO           19    .text.LL_RCC_LSE_SetDriveCapability  main.o
    0x08002332   0x08002332   0x00000002   PAD
    0x08002334   0x08002334   0x00000010   Code   RO          193    .text.LL_RCC_LSI1_Disable  stm32wbxx_hal_rcc.o
    0x08002344   0x08002344   0x00000010   Code   RO          185    .text.LL_RCC_LSI1_Enable  stm32wbxx_hal_rcc.o
    0x08002354   0x08002354   0x0000000e   Code   RO          183    .text.LL_RCC_LSI1_IsReady  stm32wbxx_hal_rcc.o
    0x08002362   0x08002362   0x00000002   PAD
    0x08002364   0x08002364   0x00000010   Code   RO          195    .text.LL_RCC_LSI2_Disable  stm32wbxx_hal_rcc.o
    0x08002374   0x08002374   0x00000010   Code   RO          187    .text.LL_RCC_LSI2_Enable  stm32wbxx_hal_rcc.o
    0x08002384   0x08002384   0x0000000e   Code   RO          189    .text.LL_RCC_LSI2_IsReady  stm32wbxx_hal_rcc.o
    0x08002392   0x08002392   0x00000002   PAD
    0x08002394   0x08002394   0x00000020   Code   RO          191    .text.LL_RCC_LSI2_SetTrimming  stm32wbxx_hal_rcc.o
    0x080023b4   0x080023b4   0x0000000e   Code   RO          169    .text.LL_RCC_MSI_Disable  stm32wbxx_hal_rcc.o
    0x080023c2   0x080023c2   0x00000002   PAD
    0x080023c4   0x080023c4   0x0000000e   Code   RO          143    .text.LL_RCC_MSI_Enable  stm32wbxx_hal_rcc.o
    0x080023d2   0x080023d2   0x00000002   PAD
    0x080023d4   0x080023d4   0x00000022   Code   RO          163    .text.LL_RCC_MSI_GetRange  stm32wbxx_hal_rcc.o
    0x080023f6   0x080023f6   0x00000002   PAD
    0x080023f8   0x080023f8   0x0000000c   Code   RO          145    .text.LL_RCC_MSI_IsReady  stm32wbxx_hal_rcc.o
    0x08002404   0x08002404   0x00000020   Code   RO          149    .text.LL_RCC_MSI_SetCalibTrimming  stm32wbxx_hal_rcc.o
    0x08002424   0x08002424   0x0000001c   Code   RO          147    .text.LL_RCC_MSI_SetRange  stm32wbxx_hal_rcc.o
    0x08002440   0x08002440   0x0000000e   Code   RO          420    .text.LL_RCC_PLLSAI1_Disable  stm32wbxx_hal_rcc_ex.o
    0x0800244e   0x0800244e   0x00000002   PAD
    0x08002450   0x08002450   0x0000000e   Code   RO          422    .text.LL_RCC_PLLSAI1_Enable  stm32wbxx_hal_rcc_ex.o
    0x0800245e   0x0800245e   0x00000002   PAD
    0x08002460   0x08002460   0x0000000c   Code   RO          384    .text.LL_RCC_PLLSAI1_IsReady  stm32wbxx_hal_rcc_ex.o
    0x0800246c   0x0800246c   0x0000000e   Code   RO          213    .text.LL_RCC_PLL_Disable  stm32wbxx_hal_rcc.o
    0x0800247a   0x0800247a   0x00000002   PAD
    0x0800247c   0x0800247c   0x0000000e   Code   RO          215    .text.LL_RCC_PLL_Enable  stm32wbxx_hal_rcc.o
    0x0800248a   0x0800248a   0x00000002   PAD
    0x0800248c   0x0800248c   0x0000000e   Code   RO          251    .text.LL_RCC_PLL_GetDivider  stm32wbxx_hal_rcc.o
    0x0800249a   0x0800249a   0x00000002   PAD
    0x0800249c   0x0800249c   0x0000000e   Code   RO          161    .text.LL_RCC_PLL_GetMainSource  stm32wbxx_hal_rcc.o
    0x080024aa   0x080024aa   0x00000002   PAD
    0x080024ac   0x080024ac   0x0000000e   Code   RO          249    .text.LL_RCC_PLL_GetN  stm32wbxx_hal_rcc.o
    0x080024ba   0x080024ba   0x00000002   PAD
    0x080024bc   0x080024bc   0x0000000e   Code   RO          253    .text.LL_RCC_PLL_GetR  stm32wbxx_hal_rcc.o
    0x080024ca   0x080024ca   0x00000002   PAD
    0x080024cc   0x080024cc   0x0000000c   Code   RO          153    .text.LL_RCC_PLL_IsReady  stm32wbxx_hal_rcc.o
    0x080024d8   0x080024d8   0x00000010   Code   RO          312    .text.LL_RCC_ReleaseBackupDomainReset  stm32wbxx_hal_rcc_ex.o
    0x080024e8   0x080024e8   0x0000001e   Code   RO          334    .text.LL_RCC_SetADCClockSource  stm32wbxx_hal_rcc_ex.o
    0x08002506   0x08002506   0x00000002   PAD
    0x08002508   0x08002508   0x00000022   Code   RO          227    .text.LL_RCC_SetAHB4Prescaler  stm32wbxx_hal_rcc.o
    0x0800252a   0x0800252a   0x00000002   PAD
    0x0800252c   0x0800252c   0x0000001e   Code   RO          219    .text.LL_RCC_SetAHBPrescaler  stm32wbxx_hal_rcc.o
    0x0800254a   0x0800254a   0x00000002   PAD
    0x0800254c   0x0800254c   0x0000001e   Code   RO          231    .text.LL_RCC_SetAPB1Prescaler  stm32wbxx_hal_rcc.o
    0x0800256a   0x0800256a   0x00000002   PAD
    0x0800256c   0x0800256c   0x0000001e   Code   RO          235    .text.LL_RCC_SetAPB2Prescaler  stm32wbxx_hal_rcc.o
    0x0800258a   0x0800258a   0x00000002   PAD
    0x0800258c   0x0800258c   0x0000001e   Code   RO          332    .text.LL_RCC_SetCLK48ClockSource  stm32wbxx_hal_rcc_ex.o
    0x080025aa   0x080025aa   0x00000002   PAD
    0x080025ac   0x080025ac   0x0000002c   Code   RO          324    .text.LL_RCC_SetI2CClockSource  stm32wbxx_hal_rcc_ex.o
    0x080025d8   0x080025d8   0x00000028   Code   RO          322    .text.LL_RCC_SetLPTIMClockSource  stm32wbxx_hal_rcc_ex.o
    0x08002600   0x08002600   0x0000001e   Code   RO          320    .text.LL_RCC_SetLPUARTClockSource  stm32wbxx_hal_rcc_ex.o
    0x0800261e   0x0800261e   0x00000002   PAD
    0x08002620   0x08002620   0x0000001e   Code   RO          338    .text.LL_RCC_SetRFWKPClockSource  stm32wbxx_hal_rcc_ex.o
    0x0800263e   0x0800263e   0x00000002   PAD
    0x08002640   0x08002640   0x0000001e   Code   RO          330    .text.LL_RCC_SetRNGClockSource  stm32wbxx_hal_rcc_ex.o
    0x0800265e   0x0800265e   0x00000002   PAD
    0x08002660   0x08002660   0x0000001e   Code   RO          308    .text.LL_RCC_SetRTCClockSource  stm32wbxx_hal_rcc_ex.o
    0x0800267e   0x0800267e   0x00000002   PAD
    0x08002680   0x08002680   0x0000001e   Code   RO          304    .text.LL_RCC_SetSAIClockSource  stm32wbxx_hal_rcc_ex.o
    0x0800269e   0x0800269e   0x00000002   PAD
    0x080026a0   0x080026a0   0x0000001e   Code   RO          342    .text.LL_RCC_SetSMPSClockSource  stm32wbxx_hal_rcc_ex.o
    0x080026be   0x080026be   0x00000002   PAD
    0x080026c0   0x080026c0   0x0000001e   Code   RO          340    .text.LL_RCC_SetSMPSPrescaler  stm32wbxx_hal_rcc_ex.o
    0x080026de   0x080026de   0x00000002   PAD
    0x080026e0   0x080026e0   0x0000001e   Code   RO          239    .text.LL_RCC_SetSysClkSource  stm32wbxx_hal_rcc.o
    0x080026fe   0x080026fe   0x00000002   PAD
    0x08002700   0x08002700   0x0000001e   Code   RO          318    .text.LL_RCC_SetUSARTClockSource  stm32wbxx_hal_rcc_ex.o
    0x0800271e   0x0800271e   0x00000002   PAD
    0x08002720   0x08002720   0x00000014   Code   RO          326    .text.LL_RCC_SetUSBClockSource  stm32wbxx_hal_rcc_ex.o
    0x08002734   0x08002734   0x0000004c   Code   RO           37    .text.MX_GPIO_Init  gpio.o
    0x08002780   0x08002780   0x0000003a   Code   RO           49    .text.MX_RTC_Init   rtc.o
    0x080027ba   0x080027ba   0x00000002   PAD
    0x080027bc   0x080027bc   0x00000004   Code   RO           76    .text.MemManage_Handler  stm32wbxx_it.o
    0x080027c0   0x080027c0   0x00000004   Code   RO           72    .text.NMI_Handler   stm32wbxx_it.o
    0x080027c4   0x080027c4   0x00000080   Code   RO          938    .text.NVIC_EncodePriority  stm32wbxx_hal_cortex.o
    0x08002844   0x08002844   0x00000002   Code   RO           86    .text.PendSV_Handler  stm32wbxx_it.o
    0x08002846   0x08002846   0x00000002   PAD
    0x08002848   0x08002848   0x00000032   Code   RO           15    .text.PeriphCommonClock_Config  main.o
    0x0800287a   0x0800287a   0x00000002   PAD
    0x0800287c   0x0800287c   0x000000c8   Code   RO          302    .text.RCCEx_PLLSAI1_ConfigNP  stm32wbxx_hal_rcc_ex.o
    0x08002944   0x08002944   0x000000c8   Code   RO          328    .text.RCCEx_PLLSAI1_ConfigNQ  stm32wbxx_hal_rcc_ex.o
    0x08002a0c   0x08002a0c   0x000000c8   Code   RO          336    .text.RCCEx_PLLSAI1_ConfigNR  stm32wbxx_hal_rcc_ex.o
    0x08002ad4   0x08002ad4   0x00000140   Code   RO          287    .text.RCC_SetFlashLatency  stm32wbxx_hal_rcc.o
    0x08002c14   0x08002c14   0x0000008a   Code   RO          165    .text.RCC_SetFlashLatencyFromMSIRange  stm32wbxx_hal_rcc.o
    0x08002c9e   0x08002c9e   0x00000002   PAD
    0x08002ca0   0x08002ca0   0x0000008e   Code   RO         1195    .text.RTC_EnterInitMode  stm32wbxx_hal_rtc.o
    0x08002d2e   0x08002d2e   0x00000002   PAD
    0x08002d30   0x08002d30   0x00000050   Code   RO         1197    .text.RTC_ExitInitMode  stm32wbxx_hal_rtc.o
    0x08002d80   0x08002d80   0x00000010   Code   RO           23    .text.RTC_WKUP_IRQHandler  main.o
    0x08002d90   0x08002d90   0x00000002   Code   RO           82    .text.SVC_Handler   stm32wbxx_it.o
    0x08002d92   0x08002d92   0x00000002   PAD
    0x08002d94   0x08002d94   0x0000005a   Code   RO          954    .text.SysTick_Config  stm32wbxx_hal_cortex.o
    0x08002dee   0x08002dee   0x00000002   PAD
    0x08002df0   0x08002df0   0x00000008   Code   RO           88    .text.SysTick_Handler  stm32wbxx_it.o
    0x08002df8   0x08002df8   0x000000ba   Code   RO           13    .text.SystemClock_Config  main.o
    0x08002eb2   0x08002eb2   0x00000002   PAD
    0x08002eb4   0x08002eb4   0x0000007e   Code   RO         1333    .text.SystemInit    system_stm32wbxx.o
    0x08002f32   0x08002f32   0x00000002   PAD
    0x08002f34   0x08002f34   0x00000004   Code   RO           80    .text.UsageFault_Handler  stm32wbxx_it.o
    0x08002f38   0x08002f38   0x00000036   Code   RO          942    .text.__NVIC_EnableIRQ  stm32wbxx_hal_cortex.o
    0x08002f6e   0x08002f6e   0x00000002   PAD
    0x08002f70   0x08002f70   0x00000010   Code   RO          934    .text.__NVIC_GetPriorityGrouping  stm32wbxx_hal_cortex.o
    0x08002f80   0x08002f80   0x0000004a   Code   RO          936    .text.__NVIC_SetPriority  stm32wbxx_hal_cortex.o
    0x08002fca   0x08002fca   0x00000002   PAD
    0x08002fcc   0x08002fcc   0x00000040   Code   RO          930    .text.__NVIC_SetPriorityGrouping  stm32wbxx_hal_cortex.o
    0x0800300c   0x0800300c   0x0000005e   Code   RO           11    .text.main          main.o
    0x0800306a   0x0800306a   0x0000000e   Code   RO         1372    i.__scatterload_copy  mc_w.l(handlers.o)
    0x08003078   0x08003078   0x00000002   Code   RO         1373    i.__scatterload_null  mc_w.l(handlers.o)
    0x0800307a   0x0800307a   0x0000000e   Code   RO         1374    i.__scatterload_zeroinit  mc_w.l(handlers.o)
    0x08003088   0x08003088   0x0000000c   Data   RO          290    .rodata..L__const.RCC_SetFlashLatency.FLASH_CLK_SRC_RANGE_VOS2  stm32wbxx_hal_rcc.o
    0x08003094   0x08003094   0x00000040   Data   RO         1338    .rodata.AHBPrescTable  system_stm32wbxx.o
    0x080030d4   0x080030d4   0x00000040   Data   RO         1340    .rodata.MSIRangeTable  system_stm32wbxx.o
    0x08003114   0x08003114   0x00000020   Data   RO          289    .rodata.cst16       stm32wbxx_hal_rcc.o
    0x08003134   0x08003134   0x00000006   Data   RO           27    .rodata.str1.1      main.o
    0x0800313a   0x0800313a   0x00000002   PAD
    0x0800313c   0x0800313c   0x00000020   Data   RO         1371    Region$$Table       anon$$obj.o


    Execution Region RW_IRAM1 (Exec base: 0x20000008, Load base: 0x08003160, Size: 0x00000440, Max: 0x0002fff8, ABSOLUTE)

    Exec Addr    Load Addr    Size         Type   Attr      Idx    E Section Name        Object

    0x20000008   0x08003160   0x00000004   Data   RW         1337    .data.SystemCoreClock  system_stm32wbxx.o
    0x2000000c   0x08003164   0x00000001   Data   RW         1155    .data.uwTickFreq    stm32wbxx_hal.o
    0x2000000d   0x08003165   0x00000003   PAD
    0x20000010   0x08003168   0x00000004   Data   RW         1154    .data.uwTickPrio    stm32wbxx_hal.o
    0x20000014   0x0800316c   0x00000004   PAD
    0x20000018        -       0x00000001   Zero   RW           28    .bss.g_rtc_wakeup_flag  main.o
    0x20000019   0x0800316c   0x00000003   PAD
    0x2000001c        -       0x00000024   Zero   RW           63    .bss.hrtc           rtc.o
    0x20000040        -       0x00000004   Zero   RW         1156    .bss.uwTick         stm32wbxx_hal.o
    0x20000044   0x0800316c   0x00000004   PAD
    0x20000048        -       0x00000400   Zero   RW            1    STACK               startup_stm32wb55xx_cm4.o


    Execution Region RW_RAM_SHARED (Exec base: 0x20030000, Load base: 0x08003170, Size: 0x00000000, Max: 0x00002800, ABSOLUTE)

    **** No section assigned to this execution region ****


==============================================================================

Image component sizes


      Code (inc. data)   RO Data    RW Data    ZI Data      Debug   Object Name

       114          0          0          0          0       2972   gpio.o
       750          0          0          0          0       4791   iic3.o
       582          0          6          0          1       8559   main.o
       198          0          0          0         36       5388   rtc.o
        36          8        316          0       1024        868   startup_stm32wb55xx_cm4.o
       292          0          0          5          4      14286   stm32wbxx_hal.o
       562          0          0          0          0       9047   stm32wbxx_hal_cortex.o
       952          0          0          0          0       4966   stm32wbxx_hal_gpio.o
         2          0          0          0          0        406   stm32wbxx_hal_msp.o
        18          0          0          0          0       5469   stm32wbxx_hal_pwr.o
       102          0          0          0          0      13030   stm32wbxx_hal_pwr_ex.o
      4680          0         44          0          0      17271   stm32wbxx_hal_rcc.o
      1950          0          0          0          0      23265   stm32wbxx_hal_rcc_ex.o
       612          0          0          0          0      10485   stm32wbxx_hal_rtc.o
       822          0          0          0          0      12972   stm32wbxx_hal_rtc_ex.o
        34          0          0          0          0       1042   stm32wbxx_it.o
       126          0        128          4          0       3438   system_stm32wbxx.o

    ----------------------------------------------------------------------
     11986          8        528         12       1076     138255   Object Totals
         0          0         32          0          0          0   (incl. Generated)
       154          0          2          3         11          0   (incl. Padding)

    ----------------------------------------------------------------------

      Code (inc. data)   RO Data    RW Data    ZI Data      Debug   Library Member Name

         0          0          0          0          0          0   entry.o
         0          0          0          0          0          0   entry10a.o
         0          0          0          0          0          0   entry11a.o
         8          4          0          0          0          0   entry2.o
         4          0          0          0          0          0   entry5.o
         0          0          0          0          0          0   entry7b.o
         0          0          0          0          0          0   entry8b.o
         8          4          0          0          0          0   entry9a.o
        30          0          0          0          0          0   handlers.o
        36          8          0          0          0         68   init.o
        36          0          0          0          0        108   memseta.o

    ----------------------------------------------------------------------
       122         16          0          0          0        176   Library Totals
         0          0          0          0          0          0   (incl. Padding)

    ----------------------------------------------------------------------

      Code (inc. data)   RO Data    RW Data    ZI Data      Debug   Library Name

       122         16          0          0          0        176   mc_w.l

    ----------------------------------------------------------------------
       122         16          0          0          0        176   Library Totals

    ----------------------------------------------------------------------

==============================================================================


      Code (inc. data)   RO Data    RW Data    ZI Data      Debug   

     12108         24        528         12       1076     138335   Grand Totals
     12108         24        528         12       1076     138335   ELF Image Totals
     12108         24        528         12          0          0   ROM Totals

==============================================================================

    Total RO  Size (Code + RO Data)                12636 (  12.34kB)
    Total RW  Size (RW Data + ZI Data)              1088 (   1.06kB)
    Total ROM Size (Code + RO Data + RW Data)      12648 (  12.35kB)

==============================================================================

